Component: ARM Compiler 5.06 update 7 (build 960) Tool: armlink [4d3601]

==============================================================================

Section Cross References

    can.o(i.HAL_CAN_MspDeInit) refers to stm32f4xx_hal_gpio.o(i.HAL_GPIO_DeInit) for HAL_GPIO_DeInit
    can.o(i.HAL_CAN_MspDeInit) refers to stm32f4xx_hal_cortex.o(i.HAL_NVIC_DisableIRQ) for HAL_NVIC_DisableIRQ
    can.o(i.HAL_CAN_MspDeInit) refers to can.o(.data) for .data
    can.o(i.HAL_CAN_MspInit) refers to rt_memclr_w.o(.text) for __aeabi_memclr4
    can.o(i.HAL_CAN_MspInit) refers to stm32f4xx_hal_gpio.o(i.HAL_GPIO_Init) for HAL_GPIO_Init
    can.o(i.HAL_CAN_MspInit) refers to stm32f4xx_hal_cortex.o(i.HAL_NVIC_SetPriority) for HAL_NVIC_SetPriority
    can.o(i.HAL_CAN_MspInit) refers to stm32f4xx_hal_cortex.o(i.HAL_NVIC_EnableIRQ) for HAL_NVIC_EnableIRQ
    can.o(i.HAL_CAN_MspInit) refers to can.o(.data) for .data
    can.o(i.MX_CAN1_Init) refers to stm32f4xx_hal_can.o(i.HAL_CAN_Init) for HAL_CAN_Init
    can.o(i.MX_CAN1_Init) refers to main.o(i.Error_Handler) for Error_Handler
    can.o(i.MX_CAN1_Init) refers to can.o(.bss) for .bss
    can.o(i.MX_CAN2_Init) refers to stm32f4xx_hal_can.o(i.HAL_CAN_Init) for HAL_CAN_Init
    can.o(i.MX_CAN2_Init) refers to main.o(i.Error_Handler) for Error_Handler
    can.o(i.MX_CAN2_Init) refers to can.o(.bss) for .bss
    dma.o(i.MX_DMA_Init) refers to stm32f4xx_hal_dma.o(i.HAL_DMA_Init) for HAL_DMA_Init
    dma.o(i.MX_DMA_Init) refers to main.o(i.Error_Handler) for Error_Handler
    dma.o(i.MX_DMA_Init) refers to stm32f4xx_hal_cortex.o(i.HAL_NVIC_SetPriority) for HAL_NVIC_SetPriority
    dma.o(i.MX_DMA_Init) refers to stm32f4xx_hal_cortex.o(i.HAL_NVIC_EnableIRQ) for HAL_NVIC_EnableIRQ
    dma.o(i.MX_DMA_Init) refers to dma.o(.bss) for .bss
    main.o(i.HAL_CAN_RxFifo0MsgPendingCallback) refers to stm32f4xx_hal_can.o(i.HAL_CAN_GetRxMessage) for HAL_CAN_GetRxMessage
    main.o(i.HAL_CAN_RxFifo0MsgPendingCallback) refers to stm32f4xx_hal_can.o(i.HAL_CAN_GetRxFifoFillLevel) for HAL_CAN_GetRxFifoFillLevel
    main.o(i.HAL_CAN_RxFifo0MsgPendingCallback) refers to stm32f4xx_hal_can.o(i.HAL_CAN_ActivateNotification) for HAL_CAN_ActivateNotification
    main.o(i.HAL_CAN_RxFifo0MsgPendingCallback) refers to CAN_receive.o(.bss) for motor_chassis
    main.o(i.HAL_CAN_RxFifo0MsgPendingCallback) refers to can.o(.bss) for hcan2
    main.o(i.HAL_TIM_PeriodElapsedCallback) refers to M3508.o(i.Chassis_Speed_Control) for Chassis_Speed_Control
    main.o(i.SystemClock_Config) refers to rt_memclr_w.o(.text) for __aeabi_memclr4
    main.o(i.SystemClock_Config) refers to stm32f4xx_hal_rcc.o(i.HAL_RCC_OscConfig) for HAL_RCC_OscConfig
    main.o(i.SystemClock_Config) refers to stm32f4xx_hal_rcc.o(i.HAL_RCC_ClockConfig) for HAL_RCC_ClockConfig
    main.o(i.Total_Runing) refers to navigation.o(i.Nav_Stop) for Nav_Stop
    main.o(i.Total_Runing) refers to navigation.o(i.Nav_Start) for Nav_Start
    main.o(i.Total_Runing) refers to navigation.o(i.Nav_State) for Nav_State
    main.o(i.Total_Runing) refers to main.o(i.FixedTask_Update) for FixedTask_Update
    main.o(i.Total_Runing) refers to main.o(.data) for .data
    main.o(i.main) refers to stm32f4xx_hal.o(i.HAL_Init) for HAL_Init
    main.o(i.main) refers to main.o(i.SystemClock_Config) for SystemClock_Config
    main.o(i.main) refers to gpio.o(i.MX_GPIO_Init) for MX_GPIO_Init
    main.o(i.main) refers to dma.o(i.MX_DMA_Init) for MX_DMA_Init
    main.o(i.main) refers to can.o(i.MX_CAN1_Init) for MX_CAN1_Init
    main.o(i.main) refers to can.o(i.MX_CAN2_Init) for MX_CAN2_Init
    main.o(i.main) refers to usart.o(i.MX_USART3_UART_Init) for MX_USART3_UART_Init
    main.o(i.main) refers to tim.o(i.MX_TIM2_Init) for MX_TIM2_Init
    main.o(i.main) refers to usart.o(i.MX_UART4_Init) for MX_UART4_Init
    main.o(i.main) refers to usart.o(i.MX_USART1_UART_Init) for MX_USART1_UART_Init
    main.o(i.main) refers to tim.o(i.MX_TIM4_Init) for MX_TIM4_Init
    main.o(i.main) refers to usb_device.o(i.MX_USB_DEVICE_Init) for MX_USB_DEVICE_Init
    main.o(i.main) refers to usart.o(i.MX_USART2_UART_Init) for MX_USART2_UART_Init
    main.o(i.main) refers to tim.o(i.MX_TIM8_Init) for MX_TIM8_Init
    main.o(i.main) refers to imu.o(i.JYIMU_Init) for JYIMU_Init
    main.o(i.main) refers to odometer.o(i.Odometer_Init) for Odometer_Init
    main.o(i.main) refers to A_star.o(i.init_edges) for init_edges
    main.o(i.main) refers to navigation.o(i.Nav_Init) for Nav_Init
    main.o(i.main) refers to bsp_can.o(i.can_filter_init) for can_filter_init
    main.o(i.main) refers to stm32f4xx_hal_can.o(i.HAL_CAN_Start) for HAL_CAN_Start
    main.o(i.main) refers to stm32f4xx_hal_tim.o(i.HAL_TIM_Base_Start_IT) for HAL_TIM_Base_Start_IT
    main.o(i.main) refers to stm32f4xx_hal_can.o(i.HAL_CAN_ActivateNotification) for HAL_CAN_ActivateNotification
    main.o(i.main) refers to M3508.o(i.Chassis_Motor_Init) for Chassis_Motor_Init
[...]
    HAL_CAN_RxFifo1FullCallback              0x0800138d   Thumb Code     2  stm32f4xx_hal_can.o(i.HAL_CAN_RxFifo1FullCallback)
    HAL_CAN_RxFifo1MsgPendingCallback        0x0800138f   Thumb Code     2  main.o(i.HAL_CAN_RxFifo1MsgPendingCallback)
    HAL_CAN_SleepCallback                    0x08001391   Thumb Code     2  stm32f4xx_hal_can.o(i.HAL_CAN_SleepCallback)
    HAL_CAN_Start                            0x08001395   Thumb Code    88  stm32f4xx_hal_can.o(i.HAL_CAN_Start)
    HAL_CAN_TxMailbox0AbortCallback          0x080013ed   Thumb Code     2  stm32f4xx_hal_can.o(i.HAL_CAN_TxMailbox0AbortCallback)
    HAL_CAN_TxMailbox0CompleteCallback       0x080013ef   Thumb Code     2  stm32f4xx_hal_can.o(i.HAL_CAN_TxMailbox0CompleteCallback)
    HAL_CAN_TxMailbox1AbortCallback          0x080013f1   Thumb Code     2  stm32f4xx_hal_can.o(i.HAL_CAN_TxMailbox1AbortCallback)
    HAL_CAN_TxMailbox1CompleteCallback       0x080013f3   Thumb Code     2  stm32f4xx_hal_can.o(i.HAL_CAN_TxMailbox1CompleteCallback)
    HAL_CAN_TxMailbox2AbortCallback          0x080013f5   Thumb Code     2  stm32f4xx_hal_can.o(i.HAL_CAN_TxMailbox2AbortCallback)
    HAL_CAN_TxMailbox2CompleteCallback       0x080013f7   Thumb Code     2  stm32f4xx_hal_can.o(i.HAL_CAN_TxMailbox2CompleteCallback)
    HAL_CAN_WakeUpFromRxMsgCallback          0x080013f9   Thumb Code     2  stm32f4xx_hal_can.o(i.HAL_CAN_WakeUpFromRxMsgCallback)
    HAL_DMA_Abort                            0x080013fb   Thumb Code   146  stm32f4xx_hal_dma.o(i.HAL_DMA_Abort)
    HAL_DMA_Abort_IT                         0x0800148d   Thumb Code    36  stm32f4xx_hal_dma.o(i.HAL_DMA_Abort_IT)
    HAL_DMA_IRQHandler                       0x080014b1   Thumb Code   412  stm32f4xx_hal_dma.o(i.HAL_DMA_IRQHandler)
    HAL_DMA_Init                             0x08001651   Thumb Code   206  stm32f4xx_hal_dma.o(i.HAL_DMA_Init)
    HAL_DMA_Start_IT                         0x08001725   Thumb Code   110  stm32f4xx_hal_dma.o(i.HAL_DMA_Start_IT)
    HAL_Delay                                0x08001795   Thumb Code    32  stm32f4xx_hal.o(i.HAL_Delay)
    HAL_GPIO_Init                            0x080017b9   Thumb Code   450  stm32f4xx_hal_gpio.o(i.HAL_GPIO_Init)
    HAL_GetTick                              0x080019a9   Thumb Code     6  stm32f4xx_hal.o(i.HAL_GetTick)
    HAL_IncTick                              0x080019b5   Thumb Code    12  stm32f4xx_hal.o(i.HAL_IncTick)
    HAL_Init                                 0x080019c5   Thumb Code    48  stm32f4xx_hal.o(i.HAL_Init)
    HAL_InitTick                             0x080019f9   Thumb Code    54  stm32f4xx_hal.o(i.HAL_InitTick)
    HAL_MspInit                              0x08001a39   Thumb Code    42  stm32f4xx_hal_msp.o(i.HAL_MspInit)
    HAL_NVIC_EnableIRQ                       0x08001a69   Thumb Code    26  stm32f4xx_hal_cortex.o(i.HAL_NVIC_EnableIRQ)
    HAL_NVIC_SetPriority                     0x08001a85   Thumb Code    60  stm32f4xx_hal_cortex.o(i.HAL_NVIC_SetPriority)
    HAL_NVIC_SetPriorityGrouping             0x08001ac5   Thumb Code    26  stm32f4xx_hal_cortex.o(i.HAL_NVIC_SetPriorityGrouping)
    HAL_PCDEx_LPM_Callback                   0x08001ae9   Thumb Code     2  stm32f4xx_hal_pcd_ex.o(i.HAL_PCDEx_LPM_Callback)
    HAL_PCDEx_SetRxFiFo                      0x08001aeb   Thumb Code     8  stm32f4xx_hal_pcd_ex.o(i.HAL_PCDEx_SetRxFiFo)
    HAL_PCDEx_SetTxFiFo                      0x08001af3   Thumb Code    68  stm32f4xx_hal_pcd_ex.o(i.HAL_PCDEx_SetTxFiFo)
    HAL_PCD_ConnectCallback                  0x08001b37   Thumb Code     8  usbd_conf.o(i.HAL_PCD_ConnectCallback)
    HAL_PCD_DataInStageCallback              0x08001b3f   Thumb Code    18  usbd_conf.o(i.HAL_PCD_DataInStageCallback)
    HAL_PCD_DataOutStageCallback             0x08001b51   Thumb Code    20  usbd_conf.o(i.HAL_PCD_DataOutStageCallback)
    HAL_PCD_DisconnectCallback               0x08001b65   Thumb Code     8  usbd_conf.o(i.HAL_PCD_DisconnectCallback)
    HAL_PCD_EP_Abort                         0x08001b6d   Thumb Code    30  stm32f4xx_hal_pcd.o(i.HAL_PCD_EP_Abort)
    HAL_PCD_EP_Close                         0x08001b8b   Thumb Code    74  stm32f4xx_hal_pcd.o(i.HAL_PCD_EP_Close)
    HAL_PCD_EP_ClrStall                      0x08001bd5   Thumb Code    90  stm32f4xx_hal_pcd.o(i.HAL_PCD_EP_ClrStall)
    HAL_PCD_EP_GetRxCount                    0x08001c2f   Thumb Code    18  stm32f4xx_hal_pcd.o(i.HAL_PCD_EP_GetRxCount)
    HAL_PCD_EP_Open                          0x08001c41   Thumb Code    98  stm32f4xx_hal_pcd.o(i.HAL_PCD_EP_Open)
    HAL_PCD_EP_Receive                       0x08001ca3   Thumb Code    56  stm32f4xx_hal_pcd.o(i.HAL_PCD_EP_Receive)
    HAL_PCD_EP_SetStall                      0x08001cdb   Thumb Code   114  stm32f4xx_hal_pcd.o(i.HAL_PCD_EP_SetStall)
    HAL_PCD_EP_Transmit                      0x08001d4d   Thumb Code    50  stm32f4xx_hal_pcd.o(i.HAL_PCD_EP_Transmit)
    HAL_PCD_IRQHandler                       0x08001d81   Thumb Code  1372  stm32f4xx_hal_pcd.o(i.HAL_PCD_IRQHandler)
    HAL_PCD_ISOINIncompleteCallback          0x080022dd   Thumb Code     8  usbd_conf.o(i.HAL_PCD_ISOINIncompleteCallback)
    HAL_PCD_ISOOUTIncompleteCallback         0x080022e5   Thumb Code     8  usbd_conf.o(i.HAL_PCD_ISOOUTIncompleteCallback)
    HAL_PCD_Init                             0x080022ed   Thumb Code   204  stm32f4xx_hal_pcd.o(i.HAL_PCD_Init)
    HAL_PCD_MspInit                          0x080023b9   Thumb Code   122  usbd_conf.o(i.HAL_PCD_MspInit)
    HAL_PCD_ResetCallback                    0x0800243d   Thumb Code    44  usbd_conf.o(i.HAL_PCD_ResetCallback)
    HAL_PCD_ResumeCallback                   0x08002469   Thumb Code     8  usbd_conf.o(i.HAL_PCD_ResumeCallback)
    HAL_PCD_SOFCallback                      0x08002471   Thumb Code     8  usbd_conf.o(i.HAL_PCD_SOFCallback)
    HAL_PCD_SetAddress                       0x08002479   Thumb Code    38  stm32f4xx_hal_pcd.o(i.HAL_PCD_SetAddress)
    HAL_PCD_SetupStageCallback               0x0800249f   Thumb Code    14  usbd_conf.o(i.HAL_PCD_SetupStageCallback)
    HAL_PCD_Start                            0x080024ad   Thumb Code    66  stm32f4xx_hal_pcd.o(i.HAL_PCD_Start)
    HAL_PCD_SuspendCallback                  0x080024f1   Thumb Code    44  usbd_conf.o(i.HAL_PCD_SuspendCallback)
    HAL_RCC_ClockConfig                      0x08002521   Thumb Code   288  stm32f4xx_hal_rcc.o(i.HAL_RCC_ClockConfig)
    HAL_RCC_GetHCLKFreq                      0x08002655   Thumb Code     6  stm32f4xx_hal_rcc.o(i.HAL_RCC_GetHCLKFreq)
    HAL_RCC_GetPCLK1Freq                     0x08002661   Thumb Code    20  stm32f4xx_hal_rcc.o(i.HAL_RCC_GetPCLK1Freq)
    HAL_RCC_GetPCLK2Freq                     0x08002681   Thumb Code    20  stm32f4xx_hal_rcc.o(i.HAL_RCC_GetPCLK2Freq)
    HAL_RCC_GetSysClockFreq                  0x080026a1   Thumb Code    88  stm32f4xx_hal_rcc.o(i.HAL_RCC_GetSysClockFreq)
    HAL_RCC_OscConfig                        0x08002701   Thumb Code   856  stm32f4xx_hal_rcc.o(i.HAL_RCC_OscConfig)
    HAL_SYSTICK_Config                       0x08002a6d   Thumb Code    40  stm32f4xx_hal_cortex.o(i.HAL_SYSTICK_Config)
    HAL_TIMEx_BreakCallback                  0x08002a95   Thumb Code     2  stm32f4xx_hal_tim_ex.o(i.HAL_TIMEx_BreakCallback)
    HAL_TIMEx_CommutCallback                 0x08002a97   Thumb Code     2  stm32f4xx_hal_tim_ex.o(i.HAL_TIMEx_CommutCallback)
    HAL_TIMEx_ConfigBreakDeadTime            0x08002a99   Thumb Code    84  stm32f4xx_hal_tim_ex.o(i.HAL_TIMEx_ConfigBreakDeadTime)
    HAL_TIMEx_MasterConfigSynchronization    0x08002aed   Thumb Code   116  stm32f4xx_hal_tim_ex.o(i.HAL_TIMEx_MasterConfigSynchronization)
    HAL_TIM_Base_Init                        0x08002b7d   Thumb Code    90  stm32f4xx_hal_tim.o(i.HAL_TIM_Base_Init)
    HAL_TIM_Base_MspInit                     0x08002bd9   Thumb Code   126  tim.o(i.HAL_TIM_Base_MspInit)
    HAL_TIM_Base_Start_IT                    0x08002c65   Thumb Code   100  stm32f4xx_hal_tim.o(i.HAL_TIM_Base_Start_IT)
    HAL_TIM_ConfigClockSource                0x08002ce5   Thumb Code   220  stm32f4xx_hal_tim.o(i.HAL_TIM_ConfigClockSource)
    HAL_TIM_IC_CaptureCallback               0x08002dc1   Thumb Code     2  stm32f4xx_hal_tim.o(i.HAL_TIM_IC_CaptureCallback)
    HAL_TIM_IRQHandler                       0x08002dc3   Thumb Code   304  stm32f4xx_hal_tim.o(i.HAL_TIM_IRQHandler)
    HAL_TIM_MspPostInit                      0x08002ef5   Thumb Code   112  tim.o(i.HAL_TIM_MspPostInit)
    HAL_TIM_OC_DelayElapsedCallback          0x08002f75   Thumb Code     2  stm32f4xx_hal_tim.o(i.HAL_TIM_OC_DelayElapsedCallback)
    HAL_TIM_PWM_ConfigChannel                0x08002f77   Thumb Code   204  stm32f4xx_hal_tim.o(i.HAL_TIM_PWM_ConfigChannel)
    HAL_TIM_PWM_Init                         0x08003043   Thumb Code    90  stm32f4xx_hal_tim.o(i.HAL_TIM_PWM_Init)
    HAL_TIM_PWM_MspInit                      0x0800309d   Thumb Code     2  stm32f4xx_hal_tim.o(i.HAL_TIM_PWM_MspInit)
    HAL_TIM_PWM_PulseFinishedCallback        0x0800309f   Thumb Code     2  stm32f4xx_hal_tim.o(i.HAL_TIM_PWM_PulseFinishedCallback)
    HAL_TIM_PWM_Start                        0x080030a1   Thumb Code   172  stm32f4xx_hal_tim.o(i.HAL_TIM_PWM_Start)
    HAL_TIM_PeriodElapsedCallback            0x08003169   Thumb Code    26  main.o(i.HAL_TIM_PeriodElapsedCallback)
    HAL_TIM_TriggerCallback                  0x08003191   Thumb Code     2  stm32f4xx_hal_tim.o(i.HAL_TIM_TriggerCallback)
    HAL_UARTEx_RxEventCallback               0x08003193   Thumb Code     2  stm32f4xx_hal_uart.o(i.HAL_UARTEx_RxEventCallback)
    HAL_UART_DMAStop                         0x08003195   Thumb Code   112  stm32f4xx_hal_uart.o(i.HAL_UART_DMAStop)
    HAL_UART_ErrorCallback                   0x08003205   Thumb Code     2  stm32f4xx_hal_uart.o(i.HAL_UART_ErrorCallback)
    HAL_UART_IRQHandler                      0x08003209   Thumb Code   636  stm32f4xx_hal_uart.o(i.HAL_UART_IRQHandler)
    HAL_UART_Init                            0x08003489   Thumb Code   100  stm32f4xx_hal_uart.o(i.HAL_UART_Init)
    HAL_UART_MspInit                         0x080034ed   Thumb Code   610  usart.o(i.HAL_UART_MspInit)
    HAL_UART_Receive_DMA                     0x08003785   Thumb Code    28  stm32f4xx_hal_uart.o(i.HAL_UART_Receive_DMA)
    HAL_UART_RxCpltCallback                  0x080037a1   Thumb Code     2  main.o(i.HAL_UART_RxCpltCallback)
    HAL_UART_RxHalfCpltCallback              0x080037a3   Thumb Code     2  stm32f4xx_hal_uart.o(i.HAL_UART_RxHalfCpltCallback)
    HAL_UART_Transmit                        0x080037a5   Thumb Code   160  stm32f4xx_hal_uart.o(i.HAL_UART_Transmit)
    HAL_UART_Transmit_DMA                    0x08003845   Thumb Code   120  stm32f4xx_hal_uart.o(i.HAL_UART_Transmit_DMA)
    HAL_UART_TxCpltCallback                  0x080038c9   Thumb Code     2  stm32f4xx_hal_uart.o(i.HAL_UART_TxCpltCallback)
    HAL_UART_TxHalfCpltCallback              0x080038cb   Thumb Code     2  stm32f4xx_hal_uart.o(i.HAL_UART_TxHalfCpltCallback)
    HardFault_Handler                        0x080038cd   Thumb Code     2  stm32f4xx_it.o(i.HardFault_Handler)
    JYIMU_Init                               0x08003909   Thumb Code    10  imu.o(i.JYIMU_Init)
    Kalman_Filter_Update                     0x0800391d   Thumb Code    66  gimbal_solver.o(i.Kalman_Filter_Update)
    MX_CAN1_Init                             0x08003961   Thumb Code    60  can.o(i.MX_CAN1_Init)
    MX_CAN2_Init                             0x080039a5   Thumb Code    60  can.o(i.MX_CAN2_Init)
    MX_DMA_Init                              0x080039e9   Thumb Code   172  dma.o(i.MX_DMA_Init)
    MX_GPIO_Init                             0x08003aa1   Thumb Code    86  gpio.o(i.MX_GPIO_Init)
    MX_TIM2_Init                             0x08003afd   Thumb Code   168  tim.o(i.MX_TIM2_Init)
    MX_TIM4_Init                             0x08003ba9   Thumb Code    94  tim.o(i.MX_TIM4_Init)
    MX_TIM8_Init                             0x08003c11   Thumb Code   198  tim.o(i.MX_TIM8_Init)
    MX_UART4_Init                            0x08003ce1   Thumb Code    48  usart.o(i.MX_UART4_Init)
    MX_USART1_UART_Init                      0x08003d19   Thumb Code    48  usart.o(i.MX_USART1_UART_Init)
    MX_USART2_UART_Init                      0x08003d51   Thumb Code    48  usart.o(i.MX_USART2_UART_Init)
    MX_USART3_UART_Init                      0x08003d89   Thumb Code    48  usart.o(i.MX_USART3_UART_Init)
    MX_USB_DEVICE_Init                       0x08003dc1   Thumb Code    66  usb_device.o(i.MX_USB_DEVICE_Init)
    MemManage_Handler                        0x08003e15   Thumb Code     2  stm32f4xx_it.o(i.MemManage_Handler)
    Motor_SetRackExtension                   0x08003e19   Thumb Code    86  gimbal_solver.o(i.Motor_SetRackExtension)
    Motor_SetRotationAngle1                  0x08003e79   Thumb Code    10  gimbal_solver.o(i.Motor_SetRotationAngle1)
    Motor_SetRotationAngle3                  0x08003e89   Thumb Code    44  gimbal_solver.o(i.Motor_SetRotationAngle3)
    Motor_Set_Mode                           0x08003ec1   Thumb Code     6  gimbal_solver.o(i.Motor_Set_Mode)
    Motor_StateMachine_Process               0x08003ecd   Thumb Code    86  gimbal_solver.o(i.Motor_StateMachine_Process)
    NMI_Handler                              0x08003f29   Thumb Code     2  stm32f4xx_it.o(i.NMI_Handler)
    Nav_Init                                 0x08003f2d   Thumb Code     8  navigation.o(i.Nav_Init)
    OTG_FS_IRQHandler                        0x08003f39   Thumb Code     6  stm32f4xx_it.o(i.OTG_FS_IRQHandler)
    Odometer_Init                            0x08003f45   Thumb Code    26  odometer.o(i.Odometer_Init)
    Odometer_ResetSegment                    0x08003f6d   Thumb Code    16  odometer.o(i.Odometer_ResetSegment)
    PendSV_Handler                           0x08004199   Thumb Code     2  stm32f4xx_it.o(i.PendSV_Handler)
    SVC_Handler                              0x0800419b   Thumb Code     2  stm32f4xx_it.o(i.SVC_Handler)
    Send_Status_To_Fast_USB                  0x080041a9   Thumb Code    76  vision_data_.o(i.Send_Status_To_Fast_USB)
    Servo_Init                               0x080041f9   Thumb Code   180  servo.o(i.Servo_Init)
    Servo_MoveRelative                       0x080042c5   Thumb Code   140  servo.o(i.Servo_MoveRelative)
    Servo_Update                             0x08004369   Thumb Code   184  servo.o(i.Servo_Update)
    SysTick_Handler                          0x08004431   Thumb Code     4  stm32f4xx_it.o(i.SysTick_Handler)
    SystemClock_Config                       0x08004435   Thumb Code   140  main.o(i.SystemClock_Config)
    SystemInit                               0x080044c9   Thumb Code    12  system_stm32f4xx.o(i.SystemInit)
    TIM2_IRQHandler                          0x080044d9   Thumb Code     6  stm32f4xx_it.o(i.TIM2_IRQHandler)
    TIM4_IRQHandler                          0x080044e5   Thumb Code     6  stm32f4xx_it.o(i.TIM4_IRQHandler)
    TIM8_CC_IRQHandler                       0x080044f1   Thumb Code     6  stm32f4xx_it.o(i.TIM8_CC_IRQHandler)
    TIM_Base_SetConfig                       0x080044fd   Thumb Code   164  stm32f4xx_hal_tim.o(i.TIM_Base_SetConfig)
    TIM_CCxChannelCmd                        0x080045cd   Thumb Code    26  stm32f4xx_hal_tim.o(i.TIM_CCxChannelCmd)
    TIM_ETR_SetConfig                        0x080045e7   Thumb Code    20  stm32f4xx_hal_tim.o(i.TIM_ETR_SetConfig)
    TIM_OC2_SetConfig                        0x0800466d   Thumb Code    98  stm32f4xx_hal_tim.o(i.TIM_OC2_SetConfig)
    UART4_IRQHandler                         0x080047d9   Thumb Code     6  stm32f4xx_it.o(i.UART4_IRQHandler)
    UART_Start_Receive_DMA                   0x08004b65   Thumb Code   146  stm32f4xx_hal_uart.o(i.UART_Start_Receive_DMA)
    USART1_IRQHandler                        0x08004c79   Thumb Code    66  stm32f4xx_it.o(i.USART1_IRQHandler)
    USART2_IRQHandler                        0x08004cd1   Thumb Code     6  stm32f4xx_it.o(i.USART2_IRQHandler)
    USART3_IRQHandler                        0x08004cdd   Thumb Code     6  stm32f4xx_it.o(i.USART3_IRQHandler)
    USBD_CDC_GetDeviceQualifierDescriptor    0x08004e69   Thumb Code     8  usbd_cdc.o(i.USBD_CDC_GetDeviceQualifierDescriptor)
    USBD_CDC_ReceivePacket                   0x0800504d   Thumb Code    50  usbd_cdc.o(i.USBD_CDC_ReceivePacket)
    USBD_CDC_RegisterInterface               0x08005085   Thumb Code    22  usbd_cdc.o(i.USBD_CDC_RegisterInterface)
    USBD_CDC_SetRxBuffer                     0x0800509b   Thumb Code    26  usbd_cdc.o(i.USBD_CDC_SetRxBuffer)
    USBD_CDC_SetTxBuffer                     0x080050b5   Thumb Code    30  usbd_cdc.o(i.USBD_CDC_SetTxBuffer)
    USBD_CDC_TransmitPacket                  0x080051a9   Thumb Code    76  usbd_cdc.o(i.USBD_CDC_TransmitPacket)
    USBD_ClrClassConfig                      0x080051f9   Thumb Code    20  usbd_core.o(i.USBD_ClrClassConfig)
    USBD_CoreFindEP                          0x0800520d   Thumb Code     4  usbd_core.o(i.USBD_CoreFindEP)
    USBD_CoreFindIF                          0x08005211   Thumb Code     4  usbd_core.o(i.USBD_CoreFindIF)
    USBD_CtlContinueRx                       0x08005215   Thumb Code    16  usbd_ioreq.o(i.USBD_CtlContinueRx)
    USBD_CtlContinueSendData                 0x08005225   Thumb Code    16  usbd_ioreq.o(i.USBD_CtlContinueSendData)
    USBD_CtlError                            0x08005235   Thumb Code    22  usbd_ctlreq.o(i.USBD_CtlError)
    USBD_CtlPrepareRx                        0x0800524b   Thumb Code    34  usbd_ioreq.o(i.USBD_CtlPrepareRx)
    USBD_CtlReceiveStatus                    0x0800526d   Thumb Code    22  usbd_ioreq.o(i.USBD_CtlReceiveStatus)
    USBD_CtlSendData                         0x08005283   Thumb Code    28  usbd_ioreq.o(i.USBD_CtlSendData)
    USBD_CtlSendStatus                       0x0800529f   Thumb Code    22  usbd_ioreq.o(i.USBD_CtlSendStatus)
    USBD_FS_ConfigStrDescriptor              0x080052b5   Thumb Code    16  usbd_desc.o(i.USBD_FS_ConfigStrDescriptor)
    USBD_FS_DeviceDescriptor                 0x080052d5   Thumb Code     8  usbd_desc.o(i.USBD_FS_DeviceDescriptor)
    USBD_FS_InterfaceStrDescriptor           0x080052e1   Thumb Code    16  usbd_desc.o(i.USBD_FS_InterfaceStrDescriptor)
    USBD_FS_LangIDStrDescriptor              0x08005305   Thumb Code     8  usbd_desc.o(i.USBD_FS_LangIDStrDescriptor)
    USBD_FS_ManufacturerStrDescriptor        0x08005311   Thumb Code    16  usbd_desc.o(i.USBD_FS_ManufacturerStrDescriptor)
    USBD_FS_ProductStrDescriptor             0x08005339   Thumb Code    16  usbd_desc.o(i.USBD_FS_ProductStrDescriptor)
    USBD_FS_SerialStrDescriptor              0x08005365   Thumb Code    48  usbd_desc.o(i.USBD_FS_SerialStrDescriptor)
    USBD_GetEpDesc                           0x08005483   Thumb Code    58  usbd_core.o(i.USBD_GetEpDesc)
    USBD_GetNextDesc                         0x080054d1   Thumb Code    14  usbd_core.o(i.USBD_GetNextDesc)
    USBD_GetString                           0x080054df   Thumb Code    78  usbd_ctlreq.o(i.USBD_GetString)
    USBD_Get_USB_Status                      0x0800552d   Thumb Code    24  usbd_conf.o(i.USBD_Get_USB_Status)
    USBD_Init                                0x08005545   Thumb Code    38  usbd_core.o(i.USBD_Init)
    USBD_LL_ClearStallEP                     0x0800556b   Thumb Code    18  usbd_conf.o(i.USBD_LL_ClearStallEP)
    USBD_LL_CloseEP                          0x0800557d   Thumb Code    18  usbd_conf.o(i.USBD_LL_CloseEP)
    USBD_LL_DataInStage                      0x0800558f   Thumb Code   184  usbd_core.o(i.USBD_LL_DataInStage)
    USBD_LL_DataOutStage                     0x08005647   Thumb Code   148  usbd_core.o(i.USBD_LL_DataOutStage)
    USBD_LL_DevConnected                     0x080056db   Thumb Code     4  usbd_core.o(i.USBD_LL_DevConnected)
    USBD_LL_DevDisconnected                  0x080056df   Thumb Code    30  usbd_core.o(i.USBD_LL_DevDisconnected)
    USBD_LL_GetRxDataSize                    0x080056fd   Thumb Code     8  usbd_conf.o(i.USBD_LL_GetRxDataSize)
    USBD_LL_Init                             0x08005705   Thumb Code    90  usbd_conf.o(i.USBD_LL_Init)
    USBD_LL_IsStallEP                        0x08005765   Thumb Code    30  usbd_conf.o(i.USBD_LL_IsStallEP)
    USBD_LL_IsoINIncomplete                  0x08005783   Thumb Code    40  usbd_core.o(i.USBD_LL_IsoINIncomplete)
    USBD_LL_IsoOUTIncomplete                 0x080057ab   Thumb Code    40  usbd_core.o(i.USBD_LL_IsoOUTIncomplete)
    USBD_LL_OpenEP                           0x080057d3   Thumb Code    24  usbd_conf.o(i.USBD_LL_OpenEP)
    USBD_LL_PrepareReceive                   0x080057eb   Thumb Code    18  usbd_conf.o(i.USBD_LL_PrepareReceive)
    USBD_LL_Reset                            0x080057fd   Thumb Code    94  usbd_core.o(i.USBD_LL_Reset)
    USBD_LL_Resume                           0x0800585b   Thumb Code    20  usbd_core.o(i.USBD_LL_Resume)
    USBD_LL_SOF                              0x0800586f   Thumb Code    26  usbd_core.o(i.USBD_LL_SOF)
    USBD_LL_SetSpeed                         0x08005889   Thumb Code     6  usbd_core.o(i.USBD_LL_SetSpeed)
    USBD_LL_SetUSBAddress                    0x0800588f   Thumb Code    18  usbd_conf.o(i.USBD_LL_SetUSBAddress)
    USBD_LL_SetupStage                       0x080058a1   Thumb Code    96  usbd_core.o(i.USBD_LL_SetupStage)
    USBD_LL_StallEP                          0x08005901   Thumb Code    18  usbd_conf.o(i.USBD_LL_StallEP)
    USBD_LL_Start                            0x08005913   Thumb Code    18  usbd_conf.o(i.USBD_LL_Start)
    USBD_LL_Suspend                          0x08005925   Thumb Code    26  usbd_core.o(i.USBD_LL_Suspend)
    USBD_LL_Transmit                         0x0800593f   Thumb Code    18  usbd_conf.o(i.USBD_LL_Transmit)
    USBD_ParseSetupRequest                   0x08005951   Thumb Code    44  usbd_ctlreq.o(i.USBD_ParseSetupRequest)
    USBD_RegisterClass                       0x0800597d   Thumb Code    58  usbd_core.o(i.USBD_RegisterClass)
    USBD_SetClassConfig                      0x080059b7   Thumb Code    20  usbd_core.o(i.USBD_SetClassConfig)
    USBD_Start                               0x08005a85   Thumb Code     4  usbd_core.o(i.USBD_Start)
    USBD_StdDevReq                           0x08005a89   Thumb Code   300  usbd_ctlreq.o(i.USBD_StdDevReq)
    USBD_StdEPReq                            0x08005bb5   Thumb Code   358  usbd_ctlreq.o(i.USBD_StdEPReq)
    USBD_StdItfReq                           0x08005d1b   Thumb Code   114  usbd_ctlreq.o(i.USBD_StdItfReq)
    USBD_static_free                         0x08005d8d   Thumb Code     2  usbd_conf.o(i.USBD_static_free)
    USBD_static_malloc                       0x08005d91   Thumb Code     4  usbd_conf.o(i.USBD_static_malloc)
    USB_ActivateEndpoint                     0x08005d99   Thumb Code   122  stm32f4xx_ll_usb.o(i.USB_ActivateEndpoint)
    USB_ActivateSetup                        0x08005e19   Thumb Code    28  stm32f4xx_ll_usb.o(i.USB_ActivateSetup)
    USB_CoreInit                             0x08005e35   Thumb Code   126  stm32f4xx_ll_usb.o(i.USB_CoreInit)
    USB_DeactivateEndpoint                   0x08005efd   Thumb Code   194  stm32f4xx_ll_usb.o(i.USB_DeactivateEndpoint)
    USB_DevConnect                           0x08005fc9   Thumb Code    28  stm32f4xx_ll_usb.o(i.USB_DevConnect)
    USB_DevDisconnect                        0x08005fe5   Thumb Code    28  stm32f4xx_ll_usb.o(i.USB_DevDisconnect)
    USB_DevInit                              0x08006001   Thumb Code   370  stm32f4xx_ll_usb.o(i.USB_DevInit)
    USB_DisableGlobalInt                     0x0800617d   Thumb Code    12  stm32f4xx_ll_usb.o(i.USB_DisableGlobalInt)
    USB_EP0_OutStart                         0x08006189   Thumb Code    84  stm32f4xx_ll_usb.o(i.USB_EP0_OutStart)
    USB_EPClearStall                         0x080061e1   Thumb Code    88  stm32f4xx_ll_usb.o(i.USB_EPClearStall)
    USB_EPSetStall                           0x08006239   Thumb Code    88  stm32f4xx_ll_usb.o(i.USB_EPSetStall)
    USB_EPStartXfer                          0x08006291   Thumb Code   562  stm32f4xx_ll_usb.o(i.USB_EPStartXfer)
    USB_EPStopXfer                           0x080064c9   Thumb Code   158  stm32f4xx_ll_usb.o(i.USB_EPStopXfer)
    USB_EnableGlobalInt                      0x08006567   Thumb Code    12  stm32f4xx_ll_usb.o(i.USB_EnableGlobalInt)
    USB_FlushRxFifo                          0x08006573   Thumb Code    56  stm32f4xx_ll_usb.o(i.USB_FlushRxFifo)
    USB_FlushTxFifo                          0x080065ab   Thumb Code    60  stm32f4xx_ll_usb.o(i.USB_FlushTxFifo)
    USB_GetDevSpeed                          0x080065e7   Thumb Code    26  stm32f4xx_ll_usb.o(i.USB_GetDevSpeed)
    USB_GetMode                              0x08006601   Thumb Code     8  stm32f4xx_ll_usb.o(i.USB_GetMode)
    USB_ReadDevAllInEpInterrupt              0x08006609   Thumb Code    14  stm32f4xx_ll_usb.o(i.USB_ReadDevAllInEpInterrupt)
    USB_ReadDevAllOutEpInterrupt             0x08006617   Thumb Code    14  stm32f4xx_ll_usb.o(i.USB_ReadDevAllOutEpInterrupt)
    USB_ReadDevInEPInterrupt                 0x08006625   Thumb Code    36  stm32f4xx_ll_usb.o(i.USB_ReadDevInEPInterrupt)
    USB_ReadDevOutEPInterrupt                0x08006649   Thumb Code    16  stm32f4xx_ll_usb.o(i.USB_ReadDevOutEPInterrupt)
    USB_ReadInterrupts                       0x08006659   Thumb Code     8  stm32f4xx_ll_usb.o(i.USB_ReadInterrupts)
    USB_ReadPacket                           0x08006661   Thumb Code    62  stm32f4xx_ll_usb.o(i.USB_ReadPacket)
    USB_SetCurrentMode                       0x0800669f   Thumb Code    92  stm32f4xx_ll_usb.o(i.USB_SetCurrentMode)
    USB_SetDevAddress                        0x080066fb   Thumb Code    34  stm32f4xx_ll_usb.o(i.USB_SetDevAddress)
    USB_SetTurnaroundTime                    0x0800671d   Thumb Code   158  stm32f4xx_ll_usb.o(i.USB_SetTurnaroundTime)
    USB_WritePacket                          0x08006805   Thumb Code    40  stm32f4xx_ll_usb.o(i.USB_WritePacket)
    UsageFault_Handler                       0x0800682d   Thumb Code     2  stm32f4xx_it.o(i.UsageFault_Handler)
    Vision_Process_Update                    0x08006831   Thumb Code   252  vision_data_.o(i.Vision_Process_Update)
    Vision_Send                              0x0800694d   Thumb Code    64  vision_data_.o(i.Vision_Send)
    __ARM_fpclassify                         0x08006995   Thumb Code    48  fpclassify.o(i.__ARM_fpclassify)
    __hardfp_cos                             0x080069e9   Thumb Code   180  cos.o(i.__hardfp_cos)
    __ieee754_rem_pio2                       0x08006ab1   Thumb Code   938  rred.o(i.__ieee754_rem_pio2)
    __kernel_cos                             0x08006ee9   Thumb Code   322  cos_i.o(i.__kernel_cos)
    __kernel_poly                            0x08007059   Thumb Code   248  poly.o(i.__kernel_poly)
    __kernel_sin                             0x08007151   Thumb Code   280  sin_i.o(i.__kernel_sin)
    __mathlib_dbl_infnan                     0x08007281   Thumb Code    20  dunder.o(i.__mathlib_dbl_infnan)
    __mathlib_dbl_invalid                    0x08007299   Thumb Code    24  dunder.o(i.__mathlib_dbl_invalid)
    __mathlib_dbl_underflow                  0x080072b9   Thumb Code    24  dunder.o(i.__mathlib_dbl_underflow)
    can_filter_init                          0x080072d9   Thumb Code    64  bsp_can.o(i.can_filter_init)
    fabs                                     0x0800731d   Thumb Code    24  fabs.o(i.fabs)
    get_chassis_motor_measure_point          0x08007335   Thumb Code     8  CAN_receive.o(i.get_chassis_motor_measure_point)
    init_edges                               0x08007341   Thumb Code    94  A_star.o(i.init_edges)
    intToStr                                 0x080073a5   Thumb Code    70  tjc_usart_hmi.o(i.intToStr)
    main                                     0x080073ed   Thumb Code   242  main.o(i.main)
    pid_init                                 0x080075ed   Thumb Code    14  pid.o(i.pid_init)
    tjc_send_val                             0x08007651   Thumb Code    70  tjc_usart_hmi.o(i.tjc_send_val)
    uart_send_char                           0x08007699   Thumb Code    20  tjc_usart_hmi.o(i.uart_send_char)
    uart_send_string                         0x080076b1   Thumb Code    24  tjc_usart_hmi.o(i.uart_send_string)
    vision_frame_parse                       0x080076c9   Thumb Code   166  vision_data_.o(i.vision_frame_parse)
    __aeabi_dneg                             0x08007779   Thumb Code     0  basic.o(x$fpl$basic)
    _dneg                                    0x08007779   Thumb Code     6  basic.o(x$fpl$basic)
    __aeabi_fneg                             0x0800777f   Thumb Code     0  basic.o(x$fpl$basic)
    _fneg                                    0x0800777f   Thumb Code     6  basic.o(x$fpl$basic)
    _dabs                                    0x08007785   Thumb Code     6  basic.o(x$fpl$basic)
    _fabs                                    0x0800778b   Thumb Code     6  basic.o(x$fpl$basic)
    __aeabi_d2f                              0x08007791   Thumb Code     0  d2f.o(x$fpl$d2f)
    _d2f                                     0x08007791   Thumb Code    98  d2f.o(x$fpl$d2f)
    __aeabi_dadd                             0x080077f5   Thumb Code     0  daddsub_clz.o(x$fpl$dadd)
    _dadd                                    0x080077f5   Thumb Code   332  daddsub_clz.o(x$fpl$dadd)
    __aeabi_ddiv                             0x08007945   Thumb Code     0  ddiv.o(x$fpl$ddiv)
    _ddiv                                    0x08007945   Thumb Code   552  ddiv.o(x$fpl$ddiv)
    __aeabi_d2iz                             0x08007bf5   Thumb Code     0  dfix.o(x$fpl$dfix)
    _dfix                                    0x08007bf5   Thumb Code    94  dfix.o(x$fpl$dfix)
    __aeabi_i2d                              0x08007c53   Thumb Code     0  dflt_clz.o(x$fpl$dflt)
    _dflt                                    0x08007c53   Thumb Code    46  dflt_clz.o(x$fpl$dflt)
    __aeabi_ui2d                             0x08007c81   Thumb Code     0  dflt_clz.o(x$fpl$dfltu)
    _dfltu                                   0x08007c81   Thumb Code    38  dflt_clz.o(x$fpl$dfltu)
    __aeabi_dmul                             0x08007ca9   Thumb Code     0  dmul.o(x$fpl$dmul)
    _dmul                                    0x08007ca9   Thumb Code   332  dmul.o(x$fpl$dmul)
    __fpl_dnaninf                            0x08007dfd   Thumb Code   156  dnaninf.o(x$fpl$dnaninf)
    __fpl_dretinf                            0x08007e99   Thumb Code    12  dretinf.o(x$fpl$dretinf)
    __aeabi_drsub                            0x08007ea5   Thumb Code     0  daddsub_clz.o(x$fpl$drsb)
    _drsb                                    0x08007ea5   Thumb Code    22  daddsub_clz.o(x$fpl$drsb)
    __aeabi_dsub                             0x08007ebd   Thumb Code     0  daddsub_clz.o(x$fpl$dsub)
    _dsub                                    0x08007ebd   Thumb Code   464  daddsub_clz.o(x$fpl$dsub)
    __aeabi_f2d                              0x08008091   Thumb Code     0  f2d.o(x$fpl$f2d)
    _f2d                                     0x08008091   Thumb Code    86  f2d.o(x$fpl$f2d)
    __fpl_fnaninf                            0x080080e7   Thumb Code   140  fnaninf.o(x$fpl$fnaninf)
    _fp_init                                 0x08008173   Thumb Code    10  fpinit.o(x$fpl$fpinit)
    __fplib_config_fpu_vfp                   0x0800817b   Thumb Code     0  fpinit.o(x$fpl$fpinit)
    __fplib_config_pureend_doubles           0x0800817b   Thumb Code     0  fpinit.o(x$fpl$fpinit)
    __fpl_fretinf                            0x0800817d   Thumb Code    10  fretinf.o(x$fpl$fretinf)
    __I$use$fp                               0x08008186   Number         0  usenofp.o(x$fpl$usenofp)
    AHBPrescTable                            0x0800818f   Data          16  system_stm32f4xx.o(.constdata)
    APBPrescTable                            0x0800819f   Data           8  system_stm32f4xx.o(.constdata)
    drive_param                              0x080081b0   Data          96  M3508.o(.constdata)
    pos_param                                0x08008210   Data          72  M3508.o(.constdata)
    Region$$Table$$Base                      0x08008378   Number         0  anon$$obj.o(Region$$Table)
    Region$$Table$$Limit                     0x08008398   Number         0  anon$$obj.o(Region$$Table)
    test_1                                   0x20000008   Data           4  main.o(.data)
    test_2                                   0x2000000c   Data           4  main.o(.data)
    test_3                                   0x20000010   Data           4  main.o(.data)
    test_4                                   0x20000014   Data           4  main.o(.data)
    flag                                     0x2000001c   Data           1  main.o(.data)
    SystemCoreClock                          0x20000020   Data           4  system_stm32f4xx.o(.data)
    rxFrameFlag                              0x20000024   Data           1  usart.o(.data)
    rxCount                                  0x20000025   Data           1  usart.o(.data)
    uwTickFreq                               0x20000028   Data           1  stm32f4xx_hal.o(.data)
    uwTickPrio                               0x2000002c   Data           4  stm32f4xx_hal.o(.data)
    uwTick                                   0x20000030   Data           4  stm32f4xx_hal.o(.data)
    USBD_CDC                                 0x20000088   Data          56  usbd_cdc.o(.data)
    USBD_Interface_fops_FS                   0x200000c4   Data          20  usbd_cdc_if.o(.data)
    FS_Desc                                  0x200000d8   Data          28  usbd_desc.o(.data)
    USBD_LangIDDesc                          0x200000f4   Data           4  usbd_desc.o(.data)
    USBD_FS_DeviceDesc                       0x200000f8   Data          18  usbd_desc.o(.data)
    USBD_StringSerial                        0x2000010c   Data          26  usbd_desc.o(.data)
    New_State                                0x20000128   Data           1  gimbal_solver.o(.data)
    g_motor_state                            0x20000129   Data           1  gimbal_solver.o(.data)
    kf_x                                     0x20000130   Data          20  gimbal_solver.o(.data)
    kf_y                                     0x20000144   Data          20  gimbal_solver.o(.data)
    pid_x                                    0x20000158   Data          32  gimbal_solver.o(.data)
    pid_y                                    0x20000178   Data          32  gimbal_solver.o(.data)
    vision_frame_ready                       0x20000198   Data           1  vision_data_.o(.data)
    g_packet_type                            0x20000199   Data           1  vision_data_.o(.data)
    g_vision_rx_enable                       0x2000019a   Data           1  vision_data_.o(.data)
    X                                        0x2000019c   Data           2  vision_data_.o(.data)
    Y                                        0x2000019e   Data           2  vision_data_.o(.data)
    last_screen_tick                         0x200001a4   Data           4  vision_data_.o(.data)
    vision_data                              0x200001b0   Data           8  vision_data_.o(.data)
    g_vision_coords                          0x200001b8   Data           8  vision_data_.o(.data)
    pos_hold_yaw                             0x200001cc   Data           4  M3508.o(.data)
    unwrap_yaw                               0x200001d0   Data           4  M3508.o(.data)
    tgt_unwrap                               0x200001d4   Data           4  M3508.o(.data)
    is_calibrated                            0x200001ed   Data           1  imu.o(.data)
    jyimu_yaw                                0x200001f4   Data           4  imu.o(.data)
    final_yaw                                0x200001f8   Data           4  imu.o(.data)
    yaw_offset                               0x200001fc   Data           4  imu.o(.data)
    hcan1                                    0x2000020c   Data          40  can.o(.bss)
    hcan2                                    0x20000234   Data          40  can.o(.bss)
    hdma_memtomem_dma2_stream0               0x2000025c   Data          96  dma.o(.bss)
    htim2                                    0x200002bc   Data          72  tim.o(.bss)
    htim4                                    0x20000304   Data          72  tim.o(.bss)
    htim8                                    0x2000034c   Data          72  tim.o(.bss)
    rxCmd                                    0x20000394   Data         255  usart.o(.bss)
    huart4                                   0x20000494   Data          72  usart.o(.bss)
    huart1                                   0x200004dc   Data          72  usart.o(.bss)
    huart2                                   0x20000524   Data          72  usart.o(.bss)
    huart3                                   0x2000056c   Data          72  usart.o(.bss)
    hdma_uart4_rx                            0x200005b4   Data          96  usart.o(.bss)
    hdma_uart4_tx                            0x20000614   Data          96  usart.o(.bss)
    hdma_usart1_rx                           0x20000674   Data          96  usart.o(.bss)
    hdma_usart1_tx                           0x200006d4   Data          96  usart.o(.bss)
    hdma_usart2_rx                           0x20000734   Data          96  usart.o(.bss)
    hUsbDeviceFS                             0x20000794   Data         732  usb_device.o(.bss)
    UserRxBufferFS                           0x20000a70   Data        2048  usbd_cdc_if.o(.bss)
    UserTxBufferFS                           0x20001270   Data        2048  usbd_cdc_if.o(.bss)
    USBD_StrDesc                             0x20001a70   Data         512  usbd_desc.o(.bss)
    hpcd_USB_OTG_FS                          0x20001e90   Data        1252  usbd_conf.o(.bss)
    my_servo1                                0x20002374   Data          28  gimbal_solver.o(.bss)
    my_servo2                                0x20002390   Data          28  gimbal_solver.o(.bss)
    my_servo3                                0x200023ac   Data          28  gimbal_solver.o(.bss)
    MMCL_cmd                                 0x200023c8   Data        1024  Emm_V5.o(.bss)
    motor_chassis                            0x20002d08   Data          40  CAN_receive.o(.bss)
    edge_cost                                0x20002d48   Data          81  A_star.o(.bss)
    motor_data                               0x20002dec   Data          16  M3508.o(.bss)
    drive_motor_pid                          0x20002dfc   Data         288  M3508.o(.bss)
    pos_motor_pid                            0x20002f1c   Data         216  M3508.o(.bss)
    nav                                      0x20003030   Data         208  navigation.o(.bss)
    odometer                                 0x20003100   Data          20  odometer.o(.bss)
    __libspace_start                         0x20003114   Data          96  libspace.o(.bss)
    __temporary_stack_top$libspace           0x20003174   Data           0  libspace.o(.bss)



==============================================================================

Memory Map of the image

  Image Entry point : 0x08000189

  Load Region LR_IROM1 (Base: 0x08000000, Size: 0x000085a4, Max: 0x00100000, ABSOLUTE, COMPRESSED[0x0000848c])

    Execution Region ER_IROM1 (Base: 0x08000000, Size: 0x00008398, Max: 0x00100000, ABSOLUTE)

    Base Addr    Size         Type   Attr      Idx    E Section Name        Object

    0x08000000   0x00000188   Data   RO         6287    RESET               startup_stm32f407xx.o
    0x08000188   0x00000008   Code   RO         6302  * !!!main             c_w.l(__main.o)
    0x08000190   0x00000034   Code   RO         6632    !!!scatter          c_w.l(__scatter.o)
    0x080001c4   0x0000005a   Code   RO         6630    !!dczerorl2         c_w.l(__dczerorl2.o)
    0x0800021e   0x00000002   PAD
    0x08000220   0x0000001c   Code   RO         6634    !!handler_zi        c_w.l(__scatter_zi.o)
    0x0800023c   0x00000002   Code   RO         6501    .ARM.Collect$$libinit$$00000000  c_w.l(libinit.o)
    0x0800023e   0x00000004   Code   RO         6510    .ARM.Collect$$libinit$$00000001  c_w.l(libinit2.o)
    0x08000242   0x00000000   Code   RO         6513    .ARM.Collect$$libinit$$00000004  c_w.l(libinit2.o)
    0x08000242   0x00000000   Code   RO         6516    .ARM.Collect$$libinit$$0000000A  c_w.l(libinit2.o)
    0x08000242   0x00000000   Code   RO         6518    .ARM.Collect$$libinit$$0000000C  c_w.l(libinit2.o)
    0x08000242   0x00000000   Code   RO         6520    .ARM.Collect$$libinit$$0000000E  c_w.l(libinit2.o)
    0x08000242   0x00000000   Code   RO         6523    .ARM.Collect$$libinit$$00000011  c_w.l(libinit2.o)
    0x08000242   0x00000000   Code   RO         6525    .ARM.Collect$$libinit$$00000013  c_w.l(libinit2.o)
    0x08000242   0x00000000   Code   RO         6527    .ARM.Collect$$libinit$$00000015  c_w.l(libinit2.o)
    0x08000242   0x00000000   Code   RO         6529    .ARM.Collect$$libinit$$00000017  c_w.l(libinit2.o)
    0x08000242   0x00000000   Code   RO         6531    .ARM.Collect$$libinit$$00000019  c_w.l(libinit2.o)
    0x08000242   0x00000000   Code   RO         6533    .ARM.Collect$$libinit$$0000001B  c_w.l(libinit2.o)
    0x08000242   0x00000000   Code   RO         6535    .ARM.Collect$$libinit$$0000001D  c_w.l(libinit2.o)
    0x08000242   0x00000000   Code   RO         6537    .ARM.Collect$$libinit$$0000001F  c_w.l(libinit2.o)
    0x08000242   0x00000000   Code   RO         6539    .ARM.Collect$$libinit$$00000021  c_w.l(libinit2.o)
    0x08000242   0x00000000   Code   RO         6541    .ARM.Collect$$libinit$$00000023  c_w.l(libinit2.o)
    0x08000242   0x00000000   Code   RO         6543    .ARM.Collect$$libinit$$00000025  c_w.l(libinit2.o)
    0x08000242   0x00000000   Code   RO         6547    .ARM.Collect$$libinit$$0000002C  c_w.l(libinit2.o)
    0x08000242   0x00000000   Code   RO         6549    .ARM.Collect$$libinit$$0000002E  c_w.l(libinit2.o)
    0x08000242   0x00000000   Code   RO         6551    .ARM.Collect$$libinit$$00000030  c_w.l(libinit2.o)
    0x08000242   0x00000000   Code   RO         6553    .ARM.Collect$$libinit$$00000032  c_w.l(libinit2.o)
    0x08000242   0x00000002   Code   RO         6554    .ARM.Collect$$libinit$$00000033  c_w.l(libinit2.o)
    0x08000244   0x00000002   Code   RO         6585    .ARM.Collect$$libshutdown$$00000000  c_w.l(libshutdown.o)
    0x08000246   0x00000000   Code   RO         6611    .ARM.Collect$$libshutdown$$00000002  c_w.l(libshutdown2.o)
    0x08000246   0x00000000   Code   RO         6613    .ARM.Collect$$libshutdown$$00000004  c_w.l(libshutdown2.o)
    0x08000246   0x00000000   Code   RO         6615    .ARM.Collect$$libshutdown$$00000006  c_w.l(libshutdown2.o)
    0x08000246   0x00000000   Code   RO         6618    .ARM.Collect$$libshutdown$$00000009  c_w.l(libshutdown2.o)
    0x08000246   0x00000000   Code   RO         6621    .ARM.Collect$$libshutdown$$0000000C  c_w.l(libshutdown2.o)
    0x08000246   0x00000000   Code   RO         6623    .ARM.Collect$$libshutdown$$0000000E  c_w.l(libshutdown2.o)
    0x08000246   0x00000000   Code   RO         6626    .ARM.Collect$$libshutdown$$00000011  c_w.l(libshutdown2.o)
    0x08000246   0x00000002   Code   RO         6627    .ARM.Collect$$libshutdown$$00000012  c_w.l(libshutdown2.o)
    0x08000248   0x00000000   Code   RO         6368    .ARM.Collect$$rtentry$$00000000  c_w.l(__rtentry.o)
    0x08000248   0x00000000   Code   RO         6438    .ARM.Collect$$rtentry$$00000002  c_w.l(__rtentry2.o)
    0x08000248   0x00000006   Code   RO         6450    .ARM.Collect$$rtentry$$00000004  c_w.l(__rtentry4.o)
    0x0800024e   0x00000000   Code   RO         6440    .ARM.Collect$$rtentry$$00000009  c_w.l(__rtentry2.o)
    0x0800024e   0x00000004   Code   RO         6441    .ARM.Collect$$rtentry$$0000000A  c_w.l(__rtentry2.o)
    0x08000252   0x00000000   Code   RO         6443    .ARM.Collect$$rtentry$$0000000C  c_w.l(__rtentry2.o)
    0x08000252   0x00000008   Code   RO         6444    .ARM.Collect$$rtentry$$0000000D  c_w.l(__rtentry2.o)
    0x0800025a   0x00000002   Code   RO         6502    .ARM.Collect$$rtexit$$00000000  c_w.l(rtexit.o)
    0x0800025c   0x00000000   Code   RO         6558    .ARM.Collect$$rtexit$$00000002  c_w.l(rtexit2.o)
    0x0800025c   0x00000004   Code   RO         6559    .ARM.Collect$$rtexit$$00000003  c_w.l(rtexit2.o)
    0x08000260   0x00000006   Code   RO         6560    .ARM.Collect$$rtexit$$00000004  c_w.l(rtexit2.o)
    0x08000266   0x00000002   PAD
    0x08000268   0x00000040   Code   RO         6288    .text               startup_stm32f407xx.o
    0x080002a8   0x000000ee   Code   RO         6294    .text               c_w.l(lludivv7m.o)
    0x08000396   0x00000044   Code   RO         6296    .text               c_w.l(rt_memclr.o)
    0x080003da   0x0000004e   Code   RO         6298    .text               c_w.l(rt_memclr_w.o)
    0x08000428   0x00000006   Code   RO         6300    .text               c_w.l(heapauxi.o)
    0x0800042e   0x00000016   Code   RO         6373    .text               c_w.l(_rserrno.o)
    0x08000444   0x00000008   Code   RO         6457    .text               c_w.l(rt_errno_addr_intlibspace.o)
    0x0800044c   0x00000008   Code   RO         6485    .text               c_w.l(libspace.o)
    0x08000454   0x0000004a   Code   RO         6488    .text               c_w.l(sys_stackheap_outer.o)
    0x0800049e   0x00000012   Code   RO         6490    .text               c_w.l(exit.o)
    0x080004b0   0x0000000c   Code   RO         6555    .text               c_w.l(sys_exit.o)
    0x080004bc   0x00000002   Code   RO         6574    .text               c_w.l(use_no_semi.o)
    0x080004be   0x00000000   Code   RO         6576    .text               c_w.l(indicate_semi.o)
    0x080004be   0x00000002   Code   RO          443    i.BusFault_Handler  stm32f4xx_it.o
    0x080004c0   0x0000000c   Code   RO          444    i.CAN1_RX0_IRQHandler  stm32f4xx_it.o
    0x080004cc   0x0000000c   Code   RO          445    i.CAN2_RX0_IRQHandler  stm32f4xx_it.o
    0x080004d8   0x00000048   Code   RO         5668    i.CAN_cmd_chassis   CAN_receive.o
    0x08000520   0x00000004   Code   RO         4529    i.CDC_Control_FS    usbd_cdc_if.o
    0x08000524   0x00000004   Code   RO         4530    i.CDC_DeInit_FS     usbd_cdc_if.o
    0x08000528   0x00000024   Code   RO         4531    i.CDC_Init_FS       usbd_cdc_if.o
    0x0800054c   0x00000030   Code   RO         4532    i.CDC_Receive_FS    usbd_cdc_if.o
    0x0800057c   0x00000004   Code   RO         4533    i.CDC_TransmitCplt_FS  usbd_cdc_if.o
    0x08000580   0x0000002c   Code   RO         4534    i.CDC_Transmit_FS   usbd_cdc_if.o
    0x080005ac   0x000000f0   Code   RO         5851    i.Chassis_Motor_Init  M3508.o
    0x0800069c   0x00000028   Code   RO         5857    i.Chassis_ResetYawHold  M3508.o
    0x080006c4   0x00000158   Code   RO         5859    i.Chassis_Speed_Control  M3508.o
    0x0800081c   0x00000068   Code   RO         5863    i.Chassis_UpdateUnwrap  M3508.o
    0x08000884   0x0000000c   Code   RO          446    i.DMA1_Stream2_IRQHandler  stm32f4xx_it.o
    0x08000890   0x0000000c   Code   RO          447    i.DMA1_Stream4_IRQHandler  stm32f4xx_it.o
    0x0800089c   0x0000000c   Code   RO          448    i.DMA1_Stream5_IRQHandler  stm32f4xx_it.o
    0x080008a8   0x0000000c   Code   RO          449    i.DMA2_Stream2_IRQHandler  stm32f4xx_it.o
    0x080008b4   0x0000000c   Code   RO          450    i.DMA2_Stream7_IRQHandler  stm32f4xx_it.o
    0x080008c0   0x00000028   Code   RO         1343    i.DMA_CalcBaseAndBitshift  stm32f4xx_hal_dma.o
    0x080008e8   0x00000054   Code   RO         1344    i.DMA_CheckFifoParam  stm32f4xx_hal_dma.o
    0x0800093c   0x00000028   Code   RO         1345    i.DMA_SetConfig     stm32f4xx_hal_dma.o
    0x08000964   0x00000002   Code   RO          451    i.DebugMon_Handler  stm32f4xx_it.o
    0x08000966   0x00000002   PAD
    0x08000968   0x00000044   Code   RO         5187    i.Emm_V5_Pos_Control  Emm_V5.o
    0x080009ac   0x00000034   Code   RO         5188    i.Emm_V5_Pos_Control_By_Angle  Emm_V5.o
    0x080009e0   0x0000001c   Code   RO         4982    i.Emm_V5_Pos_Control_Once  gimbal_solver.o
    0x080009fc   0x00000048   Code   RO         5190    i.Emm_V5_Rack_Control_MM  Emm_V5.o
    0x08000a44   0x00000024   Code   RO         5206    i.Emm_V5_Stop_Now   Emm_V5.o
    0x08000a68   0x00000030   Code   RO         5209    i.Emm_V5_Vel_Control  Emm_V5.o
    0x08000a98   0x00000004   Code   RO          222    i.Error_Handler     main.o
    0x08000a9c   0x0000005c   Code   RO         4983    i.Gimbal_Init       gimbal_solver.o
    0x08000af8   0x000000c8   Code   RO         4984    i.Gimbal_UpdateFromVision  gimbal_solver.o
    0x08000bc0   0x00000020   Code   RO         4985    i.Gimbal_update     gimbal_solver.o
    0x08000be0   0x00000024   Code   RO          957    i.HAL_CAN_ActivateNotification  stm32f4xx_hal_can.o
    0x08000c04   0x000000d0   Code   RO          958    i.HAL_CAN_AddTxMessage  stm32f4xx_hal_can.o
    0x08000cd4   0x0000010c   Code   RO          959    i.HAL_CAN_ConfigFilter  stm32f4xx_hal_can.o
    0x08000de0   0x00000002   Code   RO          962    i.HAL_CAN_ErrorCallback  stm32f4xx_hal_can.o
    0x08000de2   0x00000002   PAD
    0x08000de4   0x00000022   Code   RO          964    i.HAL_CAN_GetRxFifoFillLevel  stm32f4xx_hal_can.o
    0x08000e06   0x000000f4   Code   RO          965    i.HAL_CAN_GetRxMessage  stm32f4xx_hal_can.o
    0x08000efa   0x000001fc   Code   RO          969    i.HAL_CAN_IRQHandler  stm32f4xx_hal_can.o
    0x080010f6   0x0000011a   Code   RO          970    i.HAL_CAN_Init      stm32f4xx_hal_can.o
    0x08001210   0x00000104   Code   RO            5    i.HAL_CAN_MspInit   can.o
    0x08001314   0x00000002   Code   RO          977    i.HAL_CAN_RxFifo0FullCallback  stm32f4xx_hal_can.o
    0x08001316   0x00000002   PAD
    0x08001318   0x00000074   Code   RO          224    i.HAL_CAN_RxFifo0MsgPendingCallback  main.o
    0x0800138c   0x00000002   Code   RO          979    i.HAL_CAN_RxFifo1FullCallback  stm32f4xx_hal_can.o
    0x0800138e   0x00000002   Code   RO          225    i.HAL_CAN_RxFifo1MsgPendingCallback  main.o
    0x08001390   0x00000002   Code   RO          981    i.HAL_CAN_SleepCallback  stm32f4xx_hal_can.o
    0x08001392   0x00000002   PAD
    0x08001394   0x00000058   Code   RO          982    i.HAL_CAN_Start     stm32f4xx_hal_can.o
    0x080013ec   0x00000002   Code   RO          984    i.HAL_CAN_TxMailbox0AbortCallback  stm32f4xx_hal_can.o
    0x080013ee   0x00000002   Code   RO          985    i.HAL_CAN_TxMailbox0CompleteCallback  stm32f4xx_hal_can.o
    0x080013f0   0x00000002   Code   RO          986    i.HAL_CAN_TxMailbox1AbortCallback  stm32f4xx_hal_can.o
    0x080013f2   0x00000002   Code   RO          987    i.HAL_CAN_TxMailbox1CompleteCallback  stm32f4xx_hal_can.o
    0x080013f4   0x00000002   Code   RO          988    i.HAL_CAN_TxMailbox2AbortCallback  stm32f4xx_hal_can.o
    0x080013f6   0x00000002   Code   RO          989    i.HAL_CAN_TxMailbox2CompleteCallback  stm32f4xx_hal_can.o
    0x080013f8   0x00000002   Code   RO          991    i.HAL_CAN_WakeUpFromRxMsgCallback  stm32f4xx_hal_can.o
    0x080013fa   0x00000092   Code   RO         1346    i.HAL_DMA_Abort     stm32f4xx_hal_dma.o
    0x0800148c   0x00000024   Code   RO         1347    i.HAL_DMA_Abort_IT  stm32f4xx_hal_dma.o
    0x080014b0   0x000001a0   Code   RO         1351    i.HAL_DMA_IRQHandler  stm32f4xx_hal_dma.o
    0x08001650   0x000000d4   Code   RO         1352    i.HAL_DMA_Init      stm32f4xx_hal_dma.o
    0x08001724   0x0000006e   Code   RO         1356    i.HAL_DMA_Start_IT  stm32f4xx_hal_dma.o
    0x08001792   0x00000002   PAD
    0x08001794   0x00000024   Code   RO          777    i.HAL_Delay         stm32f4xx_hal.o
    0x080017b8   0x000001f0   Code   RO         1761    i.HAL_GPIO_Init     stm32f4xx_hal_gpio.o
    0x080019a8   0x0000000c   Code   RO          783    i.HAL_GetTick       stm32f4xx_hal.o
    0x080019b4   0x00000010   Code   RO          789    i.HAL_IncTick       stm32f4xx_hal.o
    0x080019c4   0x00000034   Code   RO          790    i.HAL_Init          stm32f4xx_hal.o
    0x080019f8   0x00000040   Code   RO          791    i.HAL_InitTick      stm32f4xx_hal.o
    0x08001a38   0x00000030   Code   RO          419    i.HAL_MspInit       stm32f4xx_hal_msp.o
    0x08001a68   0x0000001a   Code   RO         1198    i.HAL_NVIC_EnableIRQ  stm32f4xx_hal_cortex.o
    0x08001a82   0x00000002   PAD
    0x08001a84   0x00000040   Code   RO         1204    i.HAL_NVIC_SetPriority  stm32f4xx_hal_cortex.o
    0x08001ac4   0x00000024   Code   RO         1205    i.HAL_NVIC_SetPriorityGrouping  stm32f4xx_hal_cortex.o
    0x08001ae8   0x00000002   Code   RO         2063    i.HAL_PCDEx_LPM_Callback  stm32f4xx_hal_pcd_ex.o
    0x08001aea   0x00000008   Code   RO         2064    i.HAL_PCDEx_SetRxFiFo  stm32f4xx_hal_pcd_ex.o
    0x08001af2   0x00000044   Code   RO         2065    i.HAL_PCDEx_SetTxFiFo  stm32f4xx_hal_pcd_ex.o
    0x08001b36   0x00000008   Code   RO         4667    i.HAL_PCD_ConnectCallback  usbd_conf.o
    0x08001b3e   0x00000012   Code   RO         4668    i.HAL_PCD_DataInStageCallback  usbd_conf.o
    0x08001b50   0x00000014   Code   RO         4669    i.HAL_PCD_DataOutStageCallback  usbd_conf.o
    0x08001b64   0x00000008   Code   RO         4670    i.HAL_PCD_DisconnectCallback  usbd_conf.o
    0x08001b6c   0x0000001e   Code   RO         1833    i.HAL_PCD_EP_Abort  stm32f4xx_hal_pcd.o
    0x08001b8a   0x0000004a   Code   RO         1834    i.HAL_PCD_EP_Close  stm32f4xx_hal_pcd.o
    0x08001bd4   0x0000005a   Code   RO         1835    i.HAL_PCD_EP_ClrStall  stm32f4xx_hal_pcd.o
    0x08001c2e   0x00000012   Code   RO         1837    i.HAL_PCD_EP_GetRxCount  stm32f4xx_hal_pcd.o
    0x08001c40   0x00000062   Code   RO         1838    i.HAL_PCD_EP_Open   stm32f4xx_hal_pcd.o
    0x08001ca2   0x00000038   Code   RO         1839    i.HAL_PCD_EP_Receive  stm32f4xx_hal_pcd.o
    0x08001cda   0x00000072   Code   RO         1840    i.HAL_PCD_EP_SetStall  stm32f4xx_hal_pcd.o
    0x08001d4c   0x00000032   Code   RO         1841    i.HAL_PCD_EP_Transmit  stm32f4xx_hal_pcd.o
    0x08001d7e   0x00000002   PAD
    0x08001d80   0x0000055c   Code   RO         1843    i.HAL_PCD_IRQHandler  stm32f4xx_hal_pcd.o
    0x080022dc   0x00000008   Code   RO         4671    i.HAL_PCD_ISOINIncompleteCallback  usbd_conf.o
    0x080022e4   0x00000008   Code   RO         4672    i.HAL_PCD_ISOOUTIncompleteCallback  usbd_conf.o
    0x080022ec   0x000000cc   Code   RO         1846    i.HAL_PCD_Init      stm32f4xx_hal_pcd.o
    0x080023b8   0x00000084   Code   RO         4674    i.HAL_PCD_MspInit   usbd_conf.o
    0x0800243c   0x0000002c   Code   RO         4675    i.HAL_PCD_ResetCallback  usbd_conf.o
    0x08002468   0x00000008   Code   RO         4676    i.HAL_PCD_ResumeCallback  usbd_conf.o
    0x08002470   0x00000008   Code   RO         4677    i.HAL_PCD_SOFCallback  usbd_conf.o
    0x08002478   0x00000026   Code   RO         1852    i.HAL_PCD_SetAddress  stm32f4xx_hal_pcd.o
    0x0800249e   0x0000000e   Code   RO         4678    i.HAL_PCD_SetupStageCallback  usbd_conf.o
    0x080024ac   0x00000042   Code   RO         1855    i.HAL_PCD_Start     stm32f4xx_hal_pcd.o
    0x080024ee   0x00000002   PAD
    0x080024f0   0x00000030   Code   RO         4679    i.HAL_PCD_SuspendCallback  usbd_conf.o
    0x08002520   0x00000134   Code   RO         2279    i.HAL_RCC_ClockConfig  stm32f4xx_hal_rcc.o
    0x08002654   0x0000000c   Code   RO         2284    i.HAL_RCC_GetHCLKFreq  stm32f4xx_hal_rcc.o
    0x08002660   0x00000020   Code   RO         2286    i.HAL_RCC_GetPCLK1Freq  stm32f4xx_hal_rcc.o
    0x08002680   0x00000020   Code   RO         2287    i.HAL_RCC_GetPCLK2Freq  stm32f4xx_hal_rcc.o
    0x080026a0   0x00000060   Code   RO         2288    i.HAL_RCC_GetSysClockFreq  stm32f4xx_hal_rcc.o
    0x08002700   0x0000036c   Code   RO         2291    i.HAL_RCC_OscConfig  stm32f4xx_hal_rcc.o
    0x08002a6c   0x00000028   Code   RO         1209    i.HAL_SYSTICK_Config  stm32f4xx_hal_cortex.o
    0x08002a94   0x00000002   Code   RO         3140    i.HAL_TIMEx_BreakCallback  stm32f4xx_hal_tim_ex.o
    0x08002a96   0x00000002   Code   RO         3141    i.HAL_TIMEx_CommutCallback  stm32f4xx_hal_tim_ex.o
    0x08002a98   0x00000054   Code   RO         3143    i.HAL_TIMEx_ConfigBreakDeadTime  stm32f4xx_hal_tim_ex.o
    0x08002aec   0x00000090   Code   RO         3159    i.HAL_TIMEx_MasterConfigSynchronization  stm32f4xx_hal_tim_ex.o
    0x08002b7c   0x0000005a   Code   RO         2436    i.HAL_TIM_Base_Init  stm32f4xx_hal_tim.o
    0x08002bd6   0x00000002   PAD
    0x08002bd8   0x0000008c   Code   RO          648    i.HAL_TIM_Base_MspInit  tim.o
    0x08002c64   0x00000080   Code   RO         2441    i.HAL_TIM_Base_Start_IT  stm32f4xx_hal_tim.o
    0x08002ce4   0x000000dc   Code   RO         2445    i.HAL_TIM_ConfigClockSource  stm32f4xx_hal_tim.o
    0x08002dc0   0x00000002   Code   RO         2470    i.HAL_TIM_IC_CaptureCallback  stm32f4xx_hal_tim.o
    0x08002dc2   0x00000130   Code   RO         2484    i.HAL_TIM_IRQHandler  stm32f4xx_hal_tim.o
    0x08002ef2   0x00000002   PAD
    0x08002ef4   0x00000080   Code   RO          649    i.HAL_TIM_MspPostInit  tim.o
    0x08002f74   0x00000002   Code   RO         2487    i.HAL_TIM_OC_DelayElapsedCallback  stm32f4xx_hal_tim.o
    0x08002f76   0x000000cc   Code   RO         2508    i.HAL_TIM_PWM_ConfigChannel  stm32f4xx_hal_tim.o
    0x08003042   0x0000005a   Code   RO         2511    i.HAL_TIM_PWM_Init  stm32f4xx_hal_tim.o
    0x0800309c   0x00000002   Code   RO         2513    i.HAL_TIM_PWM_MspInit  stm32f4xx_hal_tim.o
    0x0800309e   0x00000002   Code   RO         2514    i.HAL_TIM_PWM_PulseFinishedCallback  stm32f4xx_hal_tim.o
    0x080030a0   0x000000c8   Code   RO         2516    i.HAL_TIM_PWM_Start  stm32f4xx_hal_tim.o
    0x08003168   0x00000028   Code   RO          226    i.HAL_TIM_PeriodElapsedCallback  main.o
    0x08003190   0x00000002   Code   RO         2527    i.HAL_TIM_TriggerCallback  stm32f4xx_hal_tim.o
    0x08003192   0x00000002   Code   RO         3419    i.HAL_UARTEx_RxEventCallback  stm32f4xx_hal_uart.o
    0x08003194   0x00000070   Code   RO         3431    i.HAL_UART_DMAStop  stm32f4xx_hal_uart.o
    0x08003204   0x00000002   Code   RO         3433    i.HAL_UART_ErrorCallback  stm32f4xx_hal_uart.o
    0x08003206   0x00000002   PAD
    0x08003208   0x00000280   Code   RO         3436    i.HAL_UART_IRQHandler  stm32f4xx_hal_uart.o
    0x08003488   0x00000064   Code   RO         3437    i.HAL_UART_Init     stm32f4xx_hal_uart.o
    0x080034ec   0x00000298   Code   RO          708    i.HAL_UART_MspInit  usart.o
    0x08003784   0x0000001c   Code   RO         3441    i.HAL_UART_Receive_DMA  stm32f4xx_hal_uart.o
    0x080037a0   0x00000002   Code   RO          227    i.HAL_UART_RxCpltCallback  main.o
    0x080037a2   0x00000002   Code   RO         3444    i.HAL_UART_RxHalfCpltCallback  stm32f4xx_hal_uart.o
    0x080037a4   0x000000a0   Code   RO         3445    i.HAL_UART_Transmit  stm32f4xx_hal_uart.o
    0x08003844   0x00000084   Code   RO         3446    i.HAL_UART_Transmit_DMA  stm32f4xx_hal_uart.o
    0x080038c8   0x00000002   Code   RO         3448    i.HAL_UART_TxCpltCallback  stm32f4xx_hal_uart.o
    0x080038ca   0x00000002   Code   RO         3449    i.HAL_UART_TxHalfCpltCallback  stm32f4xx_hal_uart.o
    0x080038cc   0x00000002   Code   RO          452    i.HardFault_Handler  stm32f4xx_it.o
    0x080038ce   0x00000002   PAD
    0x080038d0   0x00000038   Code   RO         4594    i.IntToUnicode      usbd_desc.o
    0x08003908   0x00000014   Code   RO         5970    i.JYIMU_Init        imu.o
    0x0800391c   0x00000042   Code   RO         4987    i.Kalman_Filter_Update  gimbal_solver.o
    0x0800395e   0x00000002   PAD
    0x08003960   0x00000044   Code   RO            6    i.MX_CAN1_Init      can.o
    0x080039a4   0x00000044   Code   RO            7    i.MX_CAN2_Init      can.o
    0x080039e8   0x000000b8   Code   RO          165    i.MX_DMA_Init       dma.o
    0x08003aa0   0x0000005c   Code   RO          195    i.MX_GPIO_Init      gpio.o
    0x08003afc   0x000000ac   Code   RO          650    i.MX_TIM2_Init      tim.o
    0x08003ba8   0x00000068   Code   RO          651    i.MX_TIM4_Init      tim.o
    0x08003c10   0x000000d0   Code   RO          652    i.MX_TIM8_Init      tim.o
    0x08003ce0   0x00000038   Code   RO          709    i.MX_UART4_Init     usart.o
    0x08003d18   0x00000038   Code   RO          710    i.MX_USART1_UART_Init  usart.o
    0x08003d50   0x00000038   Code   RO          711    i.MX_USART2_UART_Init  usart.o
    0x08003d88   0x00000038   Code   RO          712    i.MX_USART3_UART_Init  usart.o
    0x08003dc0   0x00000054   Code   RO         4491    i.MX_USB_DEVICE_Init  usb_device.o
    0x08003e14   0x00000002   Code   RO          453    i.MemManage_Handler  stm32f4xx_it.o
    0x08003e16   0x00000002   PAD
    0x08003e18   0x00000060   Code   RO         4988    i.Motor_SetRackExtension  gimbal_solver.o
    0x08003e78   0x00000010   Code   RO         4989    i.Motor_SetRotationAngle1  gimbal_solver.o
    0x08003e88   0x00000038   Code   RO         4991    i.Motor_SetRotationAngle3  gimbal_solver.o
    0x08003ec0   0x0000000c   Code   RO         4992    i.Motor_Set_Mode    gimbal_solver.o
    0x08003ecc   0x0000005c   Code   RO         4993    i.Motor_StateMachine_Process  gimbal_solver.o
    0x08003f28   0x00000002   Code   RO          454    i.NMI_Handler       stm32f4xx_it.o
    0x08003f2a   0x00000002   PAD
    0x08003f2c   0x0000000c   Code   RO         6019    i.Nav_Init          navigation.o
    0x08003f38   0x0000000c   Code   RO          455    i.OTG_FS_IRQHandler  stm32f4xx_it.o
    0x08003f44   0x00000028   Code   RO         6113    i.Odometer_Init     odometer.o
    0x08003f6c   0x00000018   Code   RO         6114    i.Odometer_ResetSegment  odometer.o
    0x08003f84   0x000000cc   Code   RO         1859    i.PCD_EP_OutXfrComplete_int  stm32f4xx_hal_pcd.o
    0x08004050   0x000000a2   Code   RO         1860    i.PCD_WriteEmptyTxFifo  stm32f4xx_hal_pcd.o
    0x080040f2   0x00000002   PAD
    0x080040f4   0x000000a4   Code   RO         4994    i.PID_Calculate     gimbal_solver.o
    0x08004198   0x00000002   Code   RO          456    i.PendSV_Handler    stm32f4xx_it.o
    0x0800419a   0x00000002   Code   RO          457    i.SVC_Handler       stm32f4xx_it.o
    0x0800419c   0x0000000a   Code   RO         4353    i.SWAPBYTE          usbd_ctlreq.o
    0x080041a6   0x00000002   PAD
    0x080041a8   0x00000050   Code   RO         5605    i.Send_Status_To_Fast_USB  vision_data_.o
    0x080041f8   0x000000cc   Code   RO         5095    i.Servo_Init        servo.o
    0x080042c4   0x000000a4   Code   RO         5097    i.Servo_MoveRelative  servo.o
    0x08004368   0x000000c8   Code   RO         5098    i.Servo_Update      servo.o
    0x08004430   0x00000004   Code   RO          458    i.SysTick_Handler   stm32f4xx_it.o
    0x08004434   0x00000094   Code   RO          228    i.SystemClock_Config  main.o
    0x080044c8   0x00000010   Code   RO          610    i.SystemInit        system_stm32f4xx.o
    0x080044d8   0x0000000c   Code   RO          459    i.TIM2_IRQHandler   stm32f4xx_it.o
    0x080044e4   0x0000000c   Code   RO          460    i.TIM4_IRQHandler   stm32f4xx_it.o
    0x080044f0   0x0000000c   Code   RO          461    i.TIM8_CC_IRQHandler  stm32f4xx_it.o
    0x080044fc   0x000000d0   Code   RO         2529    i.TIM_Base_SetConfig  stm32f4xx_hal_tim.o
    0x080045cc   0x0000001a   Code   RO         2530    i.TIM_CCxChannelCmd  stm32f4xx_hal_tim.o
    0x080045e6   0x00000014   Code   RO         2540    i.TIM_ETR_SetConfig  stm32f4xx_hal_tim.o
    0x080045fa   0x00000010   Code   RO         2541    i.TIM_ITRx_SetConfig  stm32f4xx_hal_tim.o
    0x0800460a   0x00000002   PAD
    0x0800460c   0x00000060   Code   RO         2542    i.TIM_OC1_SetConfig  stm32f4xx_hal_tim.o
    0x0800466c   0x0000006c   Code   RO         2543    i.TIM_OC2_SetConfig  stm32f4xx_hal_tim.o
    0x080046d8   0x00000068   Code   RO         2544    i.TIM_OC3_SetConfig  stm32f4xx_hal_tim.o
    0x08004740   0x00000050   Code   RO         2545    i.TIM_OC4_SetConfig  stm32f4xx_hal_tim.o
    0x08004790   0x00000022   Code   RO         2547    i.TIM_TI1_ConfigInputStage  stm32f4xx_hal_tim.o
    0x080047b2   0x00000024   Code   RO         2549    i.TIM_TI2_ConfigInputStage  stm32f4xx_hal_tim.o
    0x080047d6   0x00000002   PAD
    0x080047d8   0x0000000c   Code   RO          462    i.UART4_IRQHandler  stm32f4xx_it.o
    0x080047e4   0x0000000e   Code   RO         3450    i.UART_DMAAbortOnError  stm32f4xx_hal_uart.o
    0x080047f2   0x0000004a   Code   RO         3451    i.UART_DMAError     stm32f4xx_hal_uart.o
    0x0800483c   0x00000086   Code   RO         3452    i.UART_DMAReceiveCplt  stm32f4xx_hal_uart.o
    0x080048c2   0x0000001e   Code   RO         3454    i.UART_DMARxHalfCplt  stm32f4xx_hal_uart.o
    0x080048e0   0x00000042   Code   RO         3456    i.UART_DMATransmitCplt  stm32f4xx_hal_uart.o
    0x08004922   0x0000000a   Code   RO         3458    i.UART_DMATxHalfCplt  stm32f4xx_hal_uart.o
    0x0800492c   0x0000004e   Code   RO         3460    i.UART_EndRxTransfer  stm32f4xx_hal_uart.o
    0x0800497a   0x0000001c   Code   RO         3461    i.UART_EndTxTransfer  stm32f4xx_hal_uart.o
    0x08004996   0x000000c2   Code   RO         3462    i.UART_Receive_IT   stm32f4xx_hal_uart.o
    0x08004a58   0x0000010c   Code   RO         3463    i.UART_SetConfig    stm32f4xx_hal_uart.o
    0x08004b64   0x000000a0   Code   RO         3464    i.UART_Start_Receive_DMA  stm32f4xx_hal_uart.o
    0x08004c04   0x00000072   Code   RO         3466    i.UART_WaitOnFlagUntilTimeout  stm32f4xx_hal_uart.o
    0x08004c76   0x00000002   PAD
    0x08004c78   0x00000058   Code   RO          463    i.USART1_IRQHandler  stm32f4xx_it.o
    0x08004cd0   0x0000000c   Code   RO          464    i.USART2_IRQHandler  stm32f4xx_it.o
    0x08004cdc   0x0000000c   Code   RO          465    i.USART3_IRQHandler  stm32f4xx_it.o
    0x08004ce8   0x00000076   Code   RO         4075    i.USBD_CDC_DataIn   usbd_cdc.o
    0x08004d5e   0x0000003c   Code   RO         4076    i.USBD_CDC_DataOut  usbd_cdc.o
    0x08004d9a   0x00000002   PAD
    0x08004d9c   0x00000094   Code   RO         4077    i.USBD_CDC_DeInit   usbd_cdc.o
    0x08004e30   0x00000036   Code   RO         4078    i.USBD_CDC_EP0_RxReady  usbd_cdc.o
    0x08004e66   0x00000002   PAD
    0x08004e68   0x0000000c   Code   RO         4079    i.USBD_CDC_GetDeviceQualifierDescriptor  usbd_cdc.o
    0x08004e74   0x0000003c   Code   RO         4080    i.USBD_CDC_GetFSCfgDesc  usbd_cdc.o
    0x08004eb0   0x00000040   Code   RO         4081    i.USBD_CDC_GetHSCfgDesc  usbd_cdc.o
    0x08004ef0   0x0000003c   Code   RO         4082    i.USBD_CDC_GetOtherSpeedCfgDesc  usbd_cdc.o
    0x08004f2c   0x00000120   Code   RO         4083    i.USBD_CDC_Init     usbd_cdc.o
    0x0800504c   0x00000038   Code   RO         4084    i.USBD_CDC_ReceivePacket  usbd_cdc.o
    0x08005084   0x00000016   Code   RO         4085    i.USBD_CDC_RegisterInterface  usbd_cdc.o
    0x0800509a   0x0000001a   Code   RO         4086    i.USBD_CDC_SetRxBuffer  usbd_cdc.o
    0x080050b4   0x0000001e   Code   RO         4087    i.USBD_CDC_SetTxBuffer  usbd_cdc.o
    0x080050d2   0x000000d4   Code   RO         4088    i.USBD_CDC_Setup    usbd_cdc.o
    0x080051a6   0x00000002   PAD
    0x080051a8   0x00000050   Code   RO         4089    i.USBD_CDC_TransmitPacket  usbd_cdc.o
    0x080051f8   0x00000014   Code   RO         4194    i.USBD_ClrClassConfig  usbd_core.o
    0x0800520c   0x00000004   Code   RO         4195    i.USBD_CoreFindEP   usbd_core.o
    0x08005210   0x00000004   Code   RO         4196    i.USBD_CoreFindIF   usbd_core.o
    0x08005214   0x00000010   Code   RO         4431    i.USBD_CtlContinueRx  usbd_ioreq.o
    0x08005224   0x00000010   Code   RO         4432    i.USBD_CtlContinueSendData  usbd_ioreq.o
    0x08005234   0x00000016   Code   RO         4354    i.USBD_CtlError     usbd_ctlreq.o
    0x0800524a   0x00000022   Code   RO         4433    i.USBD_CtlPrepareRx  usbd_ioreq.o
    0x0800526c   0x00000016   Code   RO         4434    i.USBD_CtlReceiveStatus  usbd_ioreq.o
    0x08005282   0x0000001c   Code   RO         4435    i.USBD_CtlSendData  usbd_ioreq.o
    0x0800529e   0x00000016   Code   RO         4436    i.USBD_CtlSendStatus  usbd_ioreq.o
    0x080052b4   0x00000020   Code   RO         4595    i.USBD_FS_ConfigStrDescriptor  usbd_desc.o
    0x080052d4   0x0000000c   Code   RO         4596    i.USBD_FS_DeviceDescriptor  usbd_desc.o
    0x080052e0   0x00000024   Code   RO         4597    i.USBD_FS_InterfaceStrDescriptor  usbd_desc.o
    0x08005304   0x0000000c   Code   RO         4598    i.USBD_FS_LangIDStrDescriptor  usbd_desc.o
    0x08005310   0x00000028   Code   RO         4599    i.USBD_FS_ManufacturerStrDescriptor  usbd_desc.o
    0x08005338   0x0000002c   Code   RO         4600    i.USBD_FS_ProductStrDescriptor  usbd_desc.o
    0x08005364   0x00000038   Code   RO         4601    i.USBD_FS_SerialStrDescriptor  usbd_desc.o
    0x0800539c   0x000000e6   Code   RO         4355    i.USBD_GetDescriptor  usbd_ctlreq.o
    0x08005482   0x0000003a   Code   RO         4198    i.USBD_GetEpDesc    usbd_core.o
    0x080054bc   0x00000014   Code   RO         4356    i.USBD_GetLen       usbd_ctlreq.o
    0x080054d0   0x0000000e   Code   RO         4199    i.USBD_GetNextDesc  usbd_core.o
    0x080054de   0x0000004e   Code   RO         4357    i.USBD_GetString    usbd_ctlreq.o
    0x0800552c   0x00000018   Code   RO         4680    i.USBD_Get_USB_Status  usbd_conf.o
    0x08005544   0x00000026   Code   RO         4200    i.USBD_Init         usbd_core.o
    0x0800556a   0x00000012   Code   RO         4681    i.USBD_LL_ClearStallEP  usbd_conf.o
    0x0800557c   0x00000012   Code   RO         4682    i.USBD_LL_CloseEP   usbd_conf.o
    0x0800558e   0x000000b8   Code   RO         4201    i.USBD_LL_DataInStage  usbd_core.o
    0x08005646   0x00000094   Code   RO         4202    i.USBD_LL_DataOutStage  usbd_core.o
    0x080056da   0x00000004   Code   RO         4203    i.USBD_LL_DevConnected  usbd_core.o
    0x080056de   0x0000001e   Code   RO         4204    i.USBD_LL_DevDisconnected  usbd_core.o
    0x080056fc   0x00000008   Code   RO         4686    i.USBD_LL_GetRxDataSize  usbd_conf.o
    0x08005704   0x00000060   Code   RO         4687    i.USBD_LL_Init      usbd_conf.o
    0x08005764   0x0000001e   Code   RO         4688    i.USBD_LL_IsStallEP  usbd_conf.o
    0x08005782   0x00000028   Code   RO         4205    i.USBD_LL_IsoINIncomplete  usbd_core.o
    0x080057aa   0x00000028   Code   RO         4206    i.USBD_LL_IsoOUTIncomplete  usbd_core.o
    0x080057d2   0x00000018   Code   RO         4689    i.USBD_LL_OpenEP    usbd_conf.o
    0x080057ea   0x00000012   Code   RO         4690    i.USBD_LL_PrepareReceive  usbd_conf.o
    0x080057fc   0x0000005e   Code   RO         4207    i.USBD_LL_Reset     usbd_core.o
    0x0800585a   0x00000014   Code   RO         4208    i.USBD_LL_Resume    usbd_core.o
    0x0800586e   0x0000001a   Code   RO         4209    i.USBD_LL_SOF       usbd_core.o
    0x08005888   0x00000006   Code   RO         4210    i.USBD_LL_SetSpeed  usbd_core.o
    0x0800588e   0x00000012   Code   RO         4691    i.USBD_LL_SetUSBAddress  usbd_conf.o
    0x080058a0   0x00000060   Code   RO         4211    i.USBD_LL_SetupStage  usbd_core.o
    0x08005900   0x00000012   Code   RO         4692    i.USBD_LL_StallEP   usbd_conf.o
    0x08005912   0x00000012   Code   RO         4693    i.USBD_LL_Start     usbd_conf.o
    0x08005924   0x0000001a   Code   RO         4212    i.USBD_LL_Suspend   usbd_core.o
    0x0800593e   0x00000012   Code   RO         4695    i.USBD_LL_Transmit  usbd_conf.o
    0x08005950   0x0000002c   Code   RO         4358    i.USBD_ParseSetupRequest  usbd_ctlreq.o
    0x0800597c   0x0000003a   Code   RO         4213    i.USBD_RegisterClass  usbd_core.o
    0x080059b6   0x00000014   Code   RO         4215    i.USBD_SetClassConfig  usbd_core.o
    0x080059ca   0x00000002   PAD
    0x080059cc   0x000000b8   Code   RO         4359    i.USBD_SetConfig    usbd_ctlreq.o
    0x08005a84   0x00000004   Code   RO         4216    i.USBD_Start        usbd_core.o
    0x08005a88   0x0000012c   Code   RO         4360    i.USBD_StdDevReq    usbd_ctlreq.o
    0x08005bb4   0x00000166   Code   RO         4361    i.USBD_StdEPReq     usbd_ctlreq.o
    0x08005d1a   0x00000072   Code   RO         4362    i.USBD_StdItfReq    usbd_ctlreq.o
    0x08005d8c   0x00000002   Code   RO         4696    i.USBD_static_free  usbd_conf.o
    0x08005d8e   0x00000002   PAD
    0x08005d90   0x00000008   Code   RO         4697    i.USBD_static_malloc  usbd_conf.o
    0x08005d98   0x00000080   Code   RO         3771    i.USB_ActivateEndpoint  stm32f4xx_ll_usb.o
    0x08005e18   0x0000001c   Code   RO         3773    i.USB_ActivateSetup  stm32f4xx_ll_usb.o
    0x08005e34   0x00000084   Code   RO         3775    i.USB_CoreInit      stm32f4xx_ll_usb.o
    0x08005eb8   0x00000044   Code   RO         3776    i.USB_CoreReset     stm32f4xx_ll_usb.o
    0x08005efc   0x000000cc   Code   RO         3779    i.USB_DeactivateEndpoint  stm32f4xx_ll_usb.o
    0x08005fc8   0x0000001c   Code   RO         3780    i.USB_DevConnect    stm32f4xx_ll_usb.o
    0x08005fe4   0x0000001c   Code   RO         3781    i.USB_DevDisconnect  stm32f4xx_ll_usb.o
    0x08006000   0x0000017c   Code   RO         3782    i.USB_DevInit       stm32f4xx_ll_usb.o
    0x0800617c   0x0000000c   Code   RO         3783    i.USB_DisableGlobalInt  stm32f4xx_ll_usb.o
    0x08006188   0x00000058   Code   RO         3786    i.USB_EP0_OutStart  stm32f4xx_ll_usb.o
    0x080061e0   0x00000058   Code   RO         3787    i.USB_EPClearStall  stm32f4xx_ll_usb.o
    0x08006238   0x00000058   Code   RO         3788    i.USB_EPSetStall    stm32f4xx_ll_usb.o
    0x08006290   0x00000238   Code   RO         3789    i.USB_EPStartXfer   stm32f4xx_ll_usb.o
    0x080064c8   0x0000009e   Code   RO         3790    i.USB_EPStopXfer    stm32f4xx_ll_usb.o
    0x08006566   0x0000000c   Code   RO         3791    i.USB_EnableGlobalInt  stm32f4xx_ll_usb.o
    0x08006572   0x00000038   Code   RO         3792    i.USB_FlushRxFifo   stm32f4xx_ll_usb.o
    0x080065aa   0x0000003c   Code   RO         3793    i.USB_FlushTxFifo   stm32f4xx_ll_usb.o
    0x080065e6   0x0000001a   Code   RO         3795    i.USB_GetDevSpeed   stm32f4xx_ll_usb.o
    0x08006600   0x00000008   Code   RO         3797    i.USB_GetMode       stm32f4xx_ll_usb.o
    0x08006608   0x0000000e   Code   RO         3805    i.USB_ReadDevAllInEpInterrupt  stm32f4xx_ll_usb.o
    0x08006616   0x0000000e   Code   RO         3806    i.USB_ReadDevAllOutEpInterrupt  stm32f4xx_ll_usb.o
    0x08006624   0x00000024   Code   RO         3807    i.USB_ReadDevInEPInterrupt  stm32f4xx_ll_usb.o
    0x08006648   0x00000010   Code   RO         3808    i.USB_ReadDevOutEPInterrupt  stm32f4xx_ll_usb.o
    0x08006658   0x00000008   Code   RO         3809    i.USB_ReadInterrupts  stm32f4xx_ll_usb.o
    0x08006660   0x0000003e   Code   RO         3810    i.USB_ReadPacket    stm32f4xx_ll_usb.o
    0x0800669e   0x0000005c   Code   RO         3812    i.USB_SetCurrentMode  stm32f4xx_ll_usb.o
    0x080066fa   0x00000022   Code   RO         3813    i.USB_SetDevAddress  stm32f4xx_ll_usb.o
    0x0800671c   0x000000e8   Code   RO         3815    i.USB_SetTurnaroundTime  stm32f4xx_ll_usb.o
    0x08006804   0x00000028   Code   RO         3818    i.USB_WritePacket   stm32f4xx_ll_usb.o
    0x0800682c   0x00000002   Code   RO          466    i.UsageFault_Handler  stm32f4xx_it.o
    0x0800682e   0x00000002   PAD
    0x08006830   0x0000011c   Code   RO         5606    i.Vision_Process_Update  vision_data_.o
    0x0800694c   0x00000048   Code   RO         5609    i.Vision_Send       vision_data_.o
    0x08006994   0x00000030   Code   RO         6481    i.__ARM_fpclassify  m_wm.l(fpclassify.o)
    0x080069c4   0x00000020   Code   RO         1211    i.__NVIC_SetPriority  stm32f4xx_hal_cortex.o
    0x080069e4   0x00000004   PAD
    0x080069e8   0x000000c8   Code   RO         6316    i.__hardfp_cos      m_wm.l(cos.o)
    0x08006ab0   0x00000438   Code   RO         6423    i.__ieee754_rem_pio2  m_wm.l(rred.o)
    0x08006ee8   0x00000170   Code   RO         6390    i.__kernel_cos      m_wm.l(cos_i.o)
    0x08007058   0x000000f8   Code   RO         6483    i.__kernel_poly     m_wm.l(poly.o)
    0x08007150   0x00000130   Code   RO         6431    i.__kernel_sin      m_wm.l(sin_i.o)
    0x08007280   0x00000014   Code   RO         6394    i.__mathlib_dbl_infnan  m_wm.l(dunder.o)
    0x08007294   0x00000004   PAD
    0x08007298   0x00000020   Code   RO         6396    i.__mathlib_dbl_invalid  m_wm.l(dunder.o)
    0x080072b8   0x00000020   Code   RO         6399    i.__mathlib_dbl_underflow  m_wm.l(dunder.o)
    0x080072d8   0x00000044   Code   RO         5715    i.can_filter_init   bsp_can.o
    0x0800731c   0x00000018   Code   RO         6477    i.fabs              m_wm.l(fabs.o)
    0x08007334   0x0000000c   Code   RO         5670    i.get_chassis_motor_measure_point  CAN_receive.o
    0x08007340   0x00000064   Code   RO         5814    i.init_edges        A_star.o
    0x080073a4   0x00000046   Code   RO         4877    i.intToStr          tjc_usart_hmi.o
    0x080073ea   0x00000002   PAD
    0x080073ec   0x00000114   Code   RO          230    i.main              main.o
    0x08007500   0x000000ec   Code   RO         6246    i.pid_calculate     pid.o
    0x080075ec   0x0000001c   Code   RO         6247    i.pid_init          pid.o
    0x08007608   0x00000040   Code   RO         6248    i.pid_param_init    pid.o
    0x08007648   0x00000008   Code   RO         6249    i.pid_reset         pid.o
    0x08007650   0x00000046   Code   RO         4883    i.tjc_send_val      tjc_usart_hmi.o
    0x08007696   0x00000002   PAD
    0x08007698   0x00000018   Code   RO         4885    i.uart_send_char    tjc_usart_hmi.o
    0x080076b0   0x00000018   Code   RO         4886    i.uart_send_string  tjc_usart_hmi.o
    0x080076c8   0x000000b0   Code   RO         5610    i.vision_frame_parse  vision_data_.o
    0x08007778   0x00000018   Code   RO         6375    x$fpl$basic         fz_wm.l(basic.o)
    0x08007790   0x00000062   Code   RO         6304    x$fpl$d2f           fz_wm.l(d2f.o)
    0x080077f2   0x00000002   PAD
    0x080077f4   0x00000150   Code   RO         6306    x$fpl$dadd          fz_wm.l(daddsub_clz.o)
    0x08007944   0x000002b0   Code   RO         6460    x$fpl$ddiv          fz_wm.l(ddiv.o)
    0x08007bf4   0x0000005e   Code   RO         6463    x$fpl$dfix          fz_wm.l(dfix.o)
    0x08007c52   0x0000002e   Code   RO         6468    x$fpl$dflt          fz_wm.l(dflt_clz.o)
    0x08007c80   0x00000026   Code   RO         6467    x$fpl$dfltu         fz_wm.l(dflt_clz.o)
    0x08007ca6   0x00000002   PAD
    0x08007ca8   0x00000154   Code   RO         6312    x$fpl$dmul          fz_wm.l(dmul.o)
    0x08007dfc   0x0000009c   Code   RO         6377    x$fpl$dnaninf       fz_wm.l(dnaninf.o)
    0x08007e98   0x0000000c   Code   RO         6379    x$fpl$dretinf       fz_wm.l(dretinf.o)
    0x08007ea4   0x00000016   Code   RO         6307    x$fpl$drsb          fz_wm.l(daddsub_clz.o)
    0x08007eba   0x00000002   PAD
    0x08007ebc   0x000001d4   Code   RO         6308    x$fpl$dsub          fz_wm.l(daddsub_clz.o)
    0x08008090   0x00000056   Code   RO         6314    x$fpl$f2d           fz_wm.l(f2d.o)
    0x080080e6   0x0000008c   Code   RO         6385    x$fpl$fnaninf       fz_wm.l(fnaninf.o)
    0x08008172   0x0000000a   Code   RO         6570    x$fpl$fpinit        fz_wm.l(fpinit.o)
    0x0800817c   0x0000000a   Code   RO         6387    x$fpl$fretinf       fz_wm.l(fretinf.o)
    0x08008186   0x00000000   Code   RO         6389    x$fpl$usenofp       fz_wm.l(usenofp.o)
    0x08008186   0x00000009   Data   RO          231    .constdata          main.o
    0x0800818f   0x00000010   Data   RO          611    .constdata          system_stm32f4xx.o
    0x0800819f   0x00000008   Data   RO          612    .constdata          system_stm32f4xx.o
    0x080081a7   0x00000008   Data   RO         1358    .constdata          stm32f4xx_hal_dma.o
    0x080081af   0x00000001   PAD
    0x080081b0   0x000000a8   Data   RO         5865    .constdata          M3508.o
    0x08008258   0x00000030   Data   RO         6391    .constdata          m_wm.l(cos_i.o)
    0x08008288   0x000000c8   Data   RO         6425    .constdata          m_wm.l(rred.o)
    0x08008350   0x00000028   Data   RO         6432    .constdata          m_wm.l(sin_i.o)
    0x08008378   0x00000020   Data   RO         6628    Region$$Table       anon$$obj.o


    Execution Region RW_IRAM1 (Base: 0x20000000, Size: 0x00003778, Max: 0x0001c000, ABSOLUTE, COMPRESSED[0x000000f4])

    Base Addr    Size         Type   Attr      Idx    E Section Name        Object

    0x20000000   0x00000004   Data   RW            9    .data               can.o
    0x20000004   0x00000018   Data   RW          233    .data               main.o
    0x2000001c   0x00000001   Data   RW          234    .data               main.o
    0x2000001d   0x00000003   PAD
    0x20000020   0x00000004   Data   RW          613    .data               system_stm32f4xx.o
    0x20000024   0x00000001   Data   RW          715    .data               usart.o
    0x20000025   0x00000001   Data   RW          716    .data               usart.o
    0x20000026   0x00000002   PAD
    0x20000028   0x0000000c   Data   RW          797    .data               stm32f4xx_hal.o
    0x20000034   0x00000053   Data   RW         4090    .data               usbd_cdc.o
    0x20000087   0x00000001   PAD
    0x20000088   0x00000038   Data   RW         4091    .data               usbd_cdc.o
    0x200000c0   0x00000001   Data   RW         4363    .data               usbd_ctlreq.o
    0x200000c1   0x00000003   PAD
    0x200000c4   0x00000014   Data   RW         4536    .data               usbd_cdc_if.o
    0x200000d8   0x0000001c   Data   RW         4603    .data               usbd_desc.o
    0x200000f4   0x00000032   Data   RW         4604    .data               usbd_desc.o
    0x20000126   0x00000002   PAD
    0x20000128   0x00000070   Data   RW         4997    .data               gimbal_solver.o
    0x20000198   0x00000028   Data   RW         5612    .data               vision_data_.o
    0x200001c0   0x00000008   Data   RW         5672    .data               CAN_receive.o
    0x200001c8   0x00000024   Data   RW         5869    .data               M3508.o
    0x200001ec   0x00000014   Data   RW         5974    .data               imu.o
    0x20000200   0x0000000a   Data   RW         6117    .data               odometer.o
    0x2000020a   0x00000002   PAD
    0x2000020c   0x00000050   Zero   RW            8    .bss                can.o
    0x2000025c   0x00000060   Zero   RW          166    .bss                dma.o
    0x200002bc   0x000000d8   Zero   RW          653    .bss                tim.o
    0x20000394   0x000000ff   Zero   RW          713    .bss                usart.o
    0x20000493   0x00000001   PAD
    0x20000494   0x00000300   Zero   RW          714    .bss                usart.o
    0x20000794   0x000002dc   Zero   RW         4492    .bss                usb_device.o
    0x20000a70   0x00001000   Zero   RW         4535    .bss                usbd_cdc_if.o
    0x20001a70   0x00000200   Zero   RW         4602    .bss                usbd_desc.o
    0x20001c70   0x00000704   Zero   RW         4698    .bss                usbd_conf.o
    0x20002374   0x00000054   Zero   RW         4996    .bss                gimbal_solver.o
    0x200023c8   0x00000934   Zero   RW         5215    .bss                Emm_V5.o
    0x20002cfc   0x0000000a   Zero   RW         5611    .bss                vision_data_.o
    0x20002d06   0x00000002   PAD
    0x20002d08   0x00000040   Zero   RW         5671    .bss                CAN_receive.o
    0x20002d48   0x000000a3   Zero   RW         5815    .bss                A_star.o
    0x20002deb   0x00000001   PAD
    0x20002dec   0x00000244   Zero   RW         5864    .bss                M3508.o
    0x20003030   0x000000d0   Zero   RW         6026    .bss                navigation.o
    0x20003100   0x00000014   Zero   RW         6116    .bss                odometer.o
    0x20003114   0x00000060   Zero   RW         6486    .bss                c_w.l(libspace.o)
    0x20003174   0x00000004   PAD
    0x20003178   0x00000200   Zero   RW         6286    HEAP                startup_stm32f407xx.o
    0x20003378   0x00000400   Zero   RW         6285    STACK               startup_stm32f407xx.o


    Execution Region RW_IRAM2 (Base: 0x2001c000, Size: 0x00000000, Max: 0x00004000, ABSOLUTE)

    **** No section assigned to this execution region ****


==============================================================================

Image component sizes


      Code (inc. data)   RO Data    RW Data    ZI Data      Debug   Object Name

       100          6          0          0        163       1898   A_star.o
        84         16          0          8         64       3014   CAN_receive.o
       276         42          0          0       2356      31648   Emm_V5.o
       728         76        168         36        580       4486   M3508.o
        68          4          0          0          0     571462   bsp_can.o
       396         36          0          4         80     712782   can.o
       184         12          0          0         96       1195   dma.o
       854        112          0        112         84      10298   gimbal_solver.o
        92          6          0          0          0        959   gpio.o
        20         10          0         20          0       1305   imu.o
       588         68          9         25          0      15258   main.o
        12          4          0          0        208       2104   navigation.o
        64         22          0         10         20       2428   odometer.o
       336         26          0          0          0       3959   pid.o
       568         64          0          0          0       2777   servo.o
        64         26        392          0       1536        836   startup_stm32f407xx.o
       180         28          0         12          0       9609   stm32f4xx_hal.o
      1690          6          0          0          0      15044   stm32f4xx_hal_can.o
       198         14          0          0          0      33963   stm32f4xx_hal_cortex.o
      1084         16          8          0          0       7574   stm32f4xx_hal_dma.o
       496         46          0          0          0       1580   stm32f4xx_hal_gpio.o
        48          6          0          0          0        910   stm32f4xx_hal_msp.o
      2576         12          0          0          0      13932   stm32f4xx_hal_pcd.o
        78          0          0          0          0       2505   stm32f4xx_hal_pcd_ex.o
      1356         78          0          0          0       5912   stm32f4xx_hal_rcc.o
      1974        136          0          0          0      17634   stm32f4xx_hal_tim.o
       232         28          0          0          0       3429   stm32f4xx_hal_tim_ex.o
      2352         40          0          0          0      18857   stm32f4xx_hal_uart.o
       276        106          0          0          0      12685   stm32f4xx_it.o
      2708        116          0          0          0      24032   stm32f4xx_ll_usb.o
        16          4         24          4          0       1199   system_stm32f4xx.o
       752         54          0          0        216       4238   tim.o
       188          4          0          0          0       3531   tjc_usart_hmi.o
       888         86          0          2       1023       4690   usart.o
        84         18          0          0        732        860   usb_device.o
      1290         38          0        139          0      14837   usbd_cdc.o
       140         24          0         20       4096       4300   usbd_cdc_if.o
       642         24          0          0       1796      17480   usbd_conf.o
       934          0          0          0          0      15919   usbd_core.o
      1360         28          0          1          0      15632   usbd_ctlreq.o
       288        104          0         78        512       6461   usbd_desc.o
       138          0          0          0          0       4708   usbd_ioreq.o
       612         54          0         40         10       4916   vision_data_.o

    ----------------------------------------------------------------------
     27074       1600        634        524      13576    1632846   Object Totals
         0          0         32          0          0          0   (incl. Generated)
        60          0          1         13          4          0   (incl. Padding)

    ----------------------------------------------------------------------

      Code (inc. data)   RO Data    RW Data    ZI Data      Debug   Library Member Name

        90          0          0          0          0          0   __dczerorl2.o
         8          0          0          0          0         68   __main.o
         0          0          0          0          0          0   __rtentry.o
        12          0          0          0          0          0   __rtentry2.o
         6          0          0          0          0          0   __rtentry4.o
        52          8          0          0          0          0   __scatter.o
        28          0          0          0          0          0   __scatter_zi.o
        22          0          0          0          0        100   _rserrno.o
        18          0          0          0          0         80   exit.o
         6          0          0          0          0        152   heapauxi.o
         0          0          0          0          0          0   indicate_semi.o
         2          0          0          0          0          0   libinit.o
         6          0          0          0          0          0   libinit2.o
         2          0          0          0          0          0   libshutdown.o
         2          0          0          0          0          0   libshutdown2.o
         8          4          0          0         96         68   libspace.o
       238          0          0          0          0        100   lludivv7m.o
         8          4          0          0          0         68   rt_errno_addr_intlibspace.o
        68          0          0          0          0         68   rt_memclr.o
        78          0          0          0          0         80   rt_memclr_w.o
         2          0          0          0          0          0   rtexit.o
        10          0          0          0          0          0   rtexit2.o
        12          4          0          0          0         68   sys_exit.o
        74          0          0          0          0         80   sys_stackheap_outer.o
         2          0          0          0          0         68   use_no_semi.o
        24          0          0          0          0        164   basic.o
        98          4          0          0          0        140   d2f.o
       826         16          0          0          0        492   daddsub_clz.o
       688        140          0          0          0        256   ddiv.o
        94          4          0          0          0        140   dfix.o
        84          0          0          0          0        232   dflt_clz.o
       340         12          0          0          0        152   dmul.o
       156          4          0          0          0        140   dnaninf.o
        12          0          0          0          0        116   dretinf.o
        86          4          0          0          0        132   f2d.o
       140          4          0          0          0        132   fnaninf.o
        10          0          0          0          0        116   fpinit.o
        10          0          0          0          0        116   fretinf.o
         0          0          0          0          0          0   usenofp.o
       200         20          0          0          0        164   cos.o
       368         46         48          0          0        200   cos_i.o
        84         16          0          0          0        372   dunder.o
        24          0          0          0          0        124   fabs.o
        48          0          0          0          0        124   fpclassify.o
       248          0          0          0          0        152   poly.o
      1080        142        200          0          0        188   rred.o
       304         24         40          0          0        208   sin_i.o

    ----------------------------------------------------------------------
      5692        456        288          0        100       4860   Library Totals
        14          0          0          0          4          0   (incl. Padding)

    ----------------------------------------------------------------------

      Code (inc. data)   RO Data    RW Data    ZI Data      Debug   Library Name

       754         20          0          0         96       1000   c_w.l
      2568        188          0          0          0       2328   fz_wm.l
      2356        248        288          0          0       1532   m_wm.l

    ----------------------------------------------------------------------
      5692        456        288          0        100       4860   Library Totals

    ----------------------------------------------------------------------

==============================================================================


      Code (inc. data)   RO Data    RW Data    ZI Data      Debug   

     32766       2056        922        524      13676    1603890   Grand Totals
     32766       2056        922        244      13676    1603890   ELF Image Totals (compressed)
     32766       2056        922        244          0          0   ROM Totals

==============================================================================

    Total RO  Size (Code + RO Data)                33688 (  32.90kB)
    Total RW  Size (RW Data + ZI Data)             14200 (  13.87kB)
    Total ROM Size (Code + RO Data + RW Data)      33932 (  33.14kB)

==============================================================================

